[DIAG] DLL static-init starting (before proto registration)
Filters: "File spark (real mechanism): a shared-ancestor storm*"
Randomness seeded to: 1122049643
[2026-09-21 22:54:46.123] [info] SparkEngine started (0 spark(s) armed)
[2026-09-21 22:54:46.123] [info] SparkEngine: armed 'file|101:C:\Users\<user>\AppData\Local\Temp\yuzu_test_spark_fileb2_storm_root_14557577477358468359_0\dep0\f.txt'
[2026-09-21 22:54:46.124] [info] SparkEngine: armed 'file|101:C:\Users\<user>\AppData\Local\Temp\yuzu_test_spark_fileb2_storm_root_14557577477358468359_0\dep1\f.txt'
[2026-09-21 22:54:46.125] [info] SparkEngine: armed 'file|101:C:\Users\<user>\AppData\Local\Temp\yuzu_test_spark_fileb2_storm_root_14557577477358468359_0\dep2\f.txt'
[2026-09-21 22:54:46.125] [info] SparkEngine: armed 'file|101:C:\Users\<user>\AppData\Local\Temp\yuzu_test_spark_fileb2_storm_root_14557577477358468359_0\dep3\f.txt'
[2026-09-21 22:54:46.126] [info] SparkEngine: armed 'file|101:C:\Users\<user>\AppData\Local\Temp\yuzu_test_spark_fileb2_storm_root_14557577477358468359_0\dep4\f.txt'
[2026-09-21 22:54:46.126] [info] SparkEngine: armed 'file|101:C:\Users\<user>\AppData\Local\Temp\yuzu_test_spark_fileb2_storm_root_14557577477358468359_0\dep5\f.txt'
[2026-09-21 22:54:46.127] [info] SparkEngine: armed 'file|101:C:\Users\<user>\AppData\Local\Temp\yuzu_test_spark_fileb2_storm_root_14557577477358468359_0\dep6\f.txt'
[2026-09-21 22:54:46.127] [info] SparkEngine: armed 'file|101:C:\Users\<user>\AppData\Local\Temp\yuzu_test_spark_fileb2_storm_root_14557577477358468359_0\dep7\f.txt'
[2026-09-21 22:54:46.128] [info] SparkEngine: armed 'file|101:C:\Users\<user>\AppData\Local\Temp\yuzu_test_spark_fileb2_storm_root_14557577477358468359_0\dep8\f.txt'
[2026-09-21 22:54:46.128] [info] SparkEngine: armed 'file|101:C:\Users\<user>\AppData\Local\Temp\yuzu_test_spark_fileb2_storm_root_14557577477358468359_0\dep9\f.txt'
[2026-09-21 22:54:46.129] [info] SparkEngine: armed 'file|102:C:\Users\<user>\AppData\Local\Temp\yuzu_test_spark_fileb2_storm_root_14557577477358468359_0\dep10\f.txt'
[2026-09-21 22:54:46.129] [info] SparkEngine: armed 'file|102:C:\Users\<user>\AppData\Local\Temp\yuzu_test_spark_fileb2_storm_root_14557577477358468359_0\dep11\f.txt'
[2026-09-21 22:54:46.130] [info] SparkEngine: armed 'file|102:C:\Users\<user>\AppData\Local\Temp\yuzu_test_spark_fileb2_storm_root_14557577477358468359_0\dep12\f.txt'
[2026-09-21 22:54:46.130] [info] SparkEngine: armed 'file|102:C:\Users\<user>\AppData\Local\Temp\yuzu_test_spark_fileb2_storm_root_14557577477358468359_0\dep13\f.txt'
[2026-09-21 22:54:46.130] [info] SparkEngine: armed 'file|102:C:\Users\<user>\AppData\Local\Temp\yuzu_test_spark_fileb2_storm_root_14557577477358468359_0\dep14\f.txt'
[2026-09-21 22:54:46.131] [info] SparkEngine: armed 'file|102:C:\Users\<user>\AppData\Local\Temp\yuzu_test_spark_fileb2_storm_root_14557577477358468359_0\dep15\f.txt'
[2026-09-21 22:54:46.131] [info] SparkEngine: armed 'file|102:C:\Users\<user>\AppData\Local\Temp\yuzu_test_spark_fileb2_storm_root_14557577477358468359_0\dep16\f.txt'
[2026-09-21 22:54:46.132] [info] SparkEngine: armed 'file|102:C:\Users\<user>\AppData\Local\Temp\yuzu_test_spark_fileb2_storm_root_14557577477358468359_0\dep17\f.txt'
[2026-09-21 22:54:46.132] [info] SparkEngine: armed 'file|102:C:\Users\<user>\AppData\Local\Temp\yuzu_test_spark_fileb2_storm_root_14557577477358468359_0\dep18\f.txt'
[2026-09-21 22:54:46.133] [info] SparkEngine: armed 'file|102:C:\Users\<user>\AppData\Local\Temp\yuzu_test_spark_fileb2_storm_root_14557577477358468359_0\dep19\f.txt'
[2026-09-21 22:54:46.133] [info] SparkEngine: armed 'file|102:C:\Users\<user>\AppData\Local\Temp\yuzu_test_spark_fileb2_storm_root_14557577477358468359_0\dep20\f.txt'
[2026-09-21 22:54:46.133] [info] SparkEngine: armed 'file|102:C:\Users\<user>\AppData\Local\Temp\yuzu_test_spark_fileb2_storm_root_14557577477358468359_0\dep21\f.txt'
[2026-09-21 22:54:46.134] [info] SparkEngine: armed 'file|102:C:\Users\<user>\AppData\Local\Temp\yuzu_test_spark_fileb2_storm_root_14557577477358468359_0\dep22\f.txt'
[2026-09-21 22:54:46.134] [info] SparkEngine: armed 'file|102:C:\Users\<user>\AppData\Local\Temp\yuzu_test_spark_fileb2_storm_root_14557577477358468359_0\dep23\f.txt'
[2026-09-21 22:54:46.134] [info] SparkEngine: armed 'file|102:C:\Users\<user>\AppData\Local\Temp\yuzu_test_spark_fileb2_storm_root_14557577477358468359_0\dep24\f.txt'
[2026-09-21 22:54:46.134] [info] SparkEngine: armed 'file|102:C:\Users\<user>\AppData\Local\Temp\yuzu_test_spark_fileb2_storm_root_14557577477358468359_0\dep25\f.txt'
[2026-09-21 22:54:46.135] [info] SparkEngine: armed 'file|102:C:\Users\<user>\AppData\Local\Temp\yuzu_test_spark_fileb2_storm_root_14557577477358468359_0\dep26\f.txt'
[2026-09-21 22:54:46.135] [info] SparkEngine: armed 'file|102:C:\Users\<user>\AppData\Local\Temp\yuzu_test_spark_fileb2_storm_root_14557577477358468359_0\dep27\f.txt'
[2026-09-21 22:54:46.135] [info] SparkEngine: armed 'file|102:C:\Users\<user>\AppData\Local\Temp\yuzu_test_spark_fileb2_storm_root_14557577477358468359_0\dep28\f.txt'
[2026-09-21 22:54:46.136] [info] SparkEngine: armed 'file|102:C:\Users\<user>\AppData\Local\Temp\yuzu_test_spark_fileb2_storm_root_14557577477358468359_0\dep29\f.txt'
[2026-09-21 22:54:46.189] [warning] SparkEngine: watch 'file|102:C:\Users\<user>\AppData\Local\Temp\yuzu_test_spark_fileb2_storm_root_14557577477358468359_0\dep27\f.txt' FAULTED — armed but not watching (file watch establishment pending past grace)
[2026-09-21 22:54:46.189] [warning] SparkEngine: watch 'file|102:C:\Users\<user>\AppData\Local\Temp\yuzu_test_spark_fileb2_storm_root_14557577477358468359_0\dep28\f.txt' FAULTED — armed but not watching (file watch establishment pending past grace)
[2026-09-21 22:54:46.219] [warning] SparkEngine: watch 'file|101:C:\Users\<user>\AppData\Local\Temp\yuzu_test_spark_fileb2_storm_root_14557577477358468359_0\dep2\f.txt' FAULTED — armed but not watching (file watch establishment pending past grace)
[2026-09-21 22:54:46.219] [warning] SparkEngine: watch 'file|101:C:\Users\<user>\AppData\Local\Temp\yuzu_test_spark_fileb2_storm_root_14557577477358468359_0\dep3\f.txt' FAULTED — armed but not watching (file watch establishment pending past grace)
[2026-09-21 22:54:46.219] [warning] SparkEngine: watch 'file|101:C:\Users\<user>\AppData\Local\Temp\yuzu_test_spark_fileb2_storm_root_14557577477358468359_0\dep4\f.txt' FAULTED — armed but not watching (file watch establishment pending past grace)
[2026-09-21 22:54:46.220] [warning] SparkEngine: watch 'file|101:C:\Users\<user>\AppData\Local\Temp\yuzu_test_spark_fileb2_storm_root_14557577477358468359_0\dep5\f.txt' FAULTED — armed but not watching (file watch establishment pending past grace)
[2026-09-21 22:54:46.220] [warning] SparkEngine: watch 'file|101:C:\Users\<user>\AppData\Local\Temp\yuzu_test_spark_fileb2_storm_root_14557577477358468359_0\dep8\f.txt' FAULTED — armed but not watching (file watch establishment pending past grace)
[2026-09-21 22:54:46.220] [warning] SparkEngine: watch 'file|101:C:\Users\<user>\AppData\Local\Temp\yuzu_test_spark_fileb2_storm_root_14557577477358468359_0\dep9\f.txt' FAULTED — armed but not watching (file watch establishment pending past grace)
[2026-09-21 22:54:46.220] [warning] SparkEngine: watch 'file|102:C:\Users\<user>\AppData\Local\Temp\yuzu_test_spark_fileb2_storm_root_14557577477358468359_0\dep10\f.txt' FAULTED — armed but not watching (file watch establishment pending past grace)
[2026-09-21 22:54:46.220] [warning] SparkEngine: watch 'file|102:C:\Users\<user>\AppData\Local\Temp\yuzu_test_spark_fileb2_storm_root_14557577477358468359_0\dep11\f.txt' FAULTED — armed but not watching (file watch establishment pending past grace)
[2026-09-21 22:54:46.220] [warning] SparkEngine: watch 'file|102:C:\Users\<user>\AppData\Local\Temp\yuzu_test_spark_fileb2_storm_root_14557577477358468359_0\dep12\f.txt' FAULTED — armed but not watching (file watch establishment pending past grace)
[2026-09-21 22:54:46.220] [warning] SparkEngine: watch 'file|102:C:\Users\<user>\AppData\Local\Temp\yuzu_test_spark_fileb2_storm_root_14557577477358468359_0\dep13\f.txt' FAULTED — armed but not watching (file watch establishment pending past grace)
[2026-09-21 22:54:46.220] [warning] SparkEngine: watch 'file|102:C:\Users\<user>\AppData\Local\Temp\yuzu_test_spark_fileb2_storm_root_14557577477358468359_0\dep15\f.txt' FAULTED — armed but not watching (file watch establishment pending past grace)
[2026-09-21 22:54:46.220] [warning] SparkEngine: watch 'file|102:C:\Users\<user>\AppData\Local\Temp\yuzu_test_spark_fileb2_storm_root_14557577477358468359_0\dep16\f.txt' FAULTED — armed but not watching (file watch establishment pending past grace)
[2026-09-21 22:54:46.232] [info] SparkEngine: watch 'file|101:C:\Users\<user>\AppData\Local\Temp\yuzu_test_spark_fileb2_storm_root_14557577477358468359_0\dep2\f.txt' recovered
[2026-09-21 22:54:46.232] [info] SparkEngine: watch 'file|101:C:\Users\<user>\AppData\Local\Temp\yuzu_test_spark_fileb2_storm_root_14557577477358468359_0\dep3\f.txt' recovered
[2026-09-21 22:54:46.232] [info] SparkEngine: watch 'file|101:C:\Users\<user>\AppData\Local\Temp\yuzu_test_spark_fileb2_storm_root_14557577477358468359_0\dep4\f.txt' recovered
[2026-09-21 22:54:46.232] [info] SparkEngine: watch 'file|101:C:\Users\<user>\AppData\Local\Temp\yuzu_test_spark_fileb2_storm_root_14557577477358468359_0\dep5\f.txt' recovered
[2026-09-21 22:54:46.232] [info] SparkEngine: watch 'file|101:C:\Users\<user>\AppData\Local\Temp\yuzu_test_spark_fileb2_storm_root_14557577477358468359_0\dep8\f.txt' recovered
[2026-09-21 22:54:46.233] [info] SparkEngine: watch 'file|101:C:\Users\<user>\AppData\Local\Temp\yuzu_test_spark_fileb2_storm_root_14557577477358468359_0\dep9\f.txt' recovered
[2026-09-21 22:54:46.233] [info] SparkEngine: watch 'file|102:C:\Users\<user>\AppData\Local\Temp\yuzu_test_spark_fileb2_storm_root_14557577477358468359_0\dep10\f.txt' recovered
[2026-09-21 22:54:46.233] [info] SparkEngine: watch 'file|102:C:\Users\<user>\AppData\Local\Temp\yuzu_test_spark_fileb2_storm_root_14557577477358468359_0\dep11\f.txt' recovered
[2026-09-21 22:54:46.249] [info] SparkEngine: watch 'file|102:C:\Users\<user>\AppData\Local\Temp\yuzu_test_spark_fileb2_storm_root_14557577477358468359_0\dep27\f.txt' recovered
[2026-09-21 22:54:46.252] [warning] SparkEngine: watch 'file|102:C:\Users\<user>\AppData\Local\Temp\yuzu_test_spark_fileb2_storm_root_14557577477358468359_0\dep29\f.txt' FAULTED — armed but not watching (file watch establishment pending past grace)
[2026-09-21 22:54:46.283] [info] SparkEngine: watch 'file|102:C:\Users\<user>\AppData\Local\Temp\yuzu_test_spark_fileb2_storm_root_14557577477358468359_0\dep12\f.txt' recovered
[2026-09-21 22:54:46.283] [info] SparkEngine: watch 'file|102:C:\Users\<user>\AppData\Local\Temp\yuzu_test_spark_fileb2_storm_root_14557577477358468359_0\dep13\f.txt' recovered
[2026-09-21 22:54:46.284] [warning] SparkEngine: watch 'file|102:C:\Users\<user>\AppData\Local\Temp\yuzu_test_spark_fileb2_storm_root_14557577477358468359_0\dep10\f.txt' FAULTED — armed but not watching (file watch establishment pending past grace)
[2026-09-21 22:54:46.284] [warning] SparkEngine: watch 'file|102:C:\Users\<user>\AppData\Local\Temp\yuzu_test_spark_fileb2_storm_root_14557577477358468359_0\dep17\f.txt' FAULTED — armed but not watching (file watch establishment pending past grace)
[2026-09-21 22:54:46.285] [warning] SparkEngine: watch 'file|102:C:\Users\<user>\AppData\Local\Temp\yuzu_test_spark_fileb2_storm_root_14557577477358468359_0\dep11\f.txt' FAULTED — armed but not watching (file watch establishment pending past grace)
[2026-09-21 22:54:46.285] [warning] SparkEngine: watch 'file|102:C:\Users\<user>\AppData\Local\Temp\yuzu_test_spark_fileb2_storm_root_14557577477358468359_0\dep14\f.txt' FAULTED — armed but not watching (file watch establishment pending past grace)
[2026-09-21 22:54:46.313] [info] SparkEngine: watch 'file|102:C:\Users\<user>\AppData\Local\Temp\yuzu_test_spark_fileb2_storm_root_14557577477358468359_0\dep29\f.txt' recovered
[2026-09-21 22:54:46.347] [info] SparkEngine: watch 'file|102:C:\Users\<user>\AppData\Local\Temp\yuzu_test_spark_fileb2_storm_root_14557577477358468359_0\dep10\f.txt' recovered
[2026-09-21 22:54:46.347] [info] SparkEngine: watch 'file|102:C:\Users\<user>\AppData\Local\Temp\yuzu_test_spark_fileb2_storm_root_14557577477358468359_0\dep11\f.txt' recovered
[2026-09-21 22:54:46.347] [info] SparkEngine: watch 'file|102:C:\Users\<user>\AppData\Local\Temp\yuzu_test_spark_fileb2_storm_root_14557577477358468359_0\dep14\f.txt' recovered
[2026-09-21 22:54:46.347] [info] SparkEngine: watch 'file|102:C:\Users\<user>\AppData\Local\Temp\yuzu_test_spark_fileb2_storm_root_14557577477358468359_0\dep17\f.txt' recovered
[2026-09-21 22:54:46.348] [warning] SparkEngine: watch 'file|102:C:\Users\<user>\AppData\Local\Temp\yuzu_test_spark_fileb2_storm_root_14557577477358468359_0\dep12\f.txt' FAULTED — armed but not watching (file watch establishment pending past grace)
[2026-09-21 22:54:46.348] [warning] SparkEngine: watch 'file|102:C:\Users\<user>\AppData\Local\Temp\yuzu_test_spark_fileb2_storm_root_14557577477358468359_0\dep13\f.txt' FAULTED — armed but not watching (file watch establishment pending past grace)
[2026-09-21 22:54:46.348] [warning] SparkEngine: watch 'file|102:C:\Users\<user>\AppData\Local\Temp\yuzu_test_spark_fileb2_storm_root_14557577477358468359_0\dep19\f.txt' FAULTED — armed but not watching (file watch establishment pending past grace)
[2026-09-21 22:54:46.348] [warning] SparkEngine: watch 'file|102:C:\Users\<user>\AppData\Local\Temp\yuzu_test_spark_fileb2_storm_root_14557577477358468359_0\dep21\f.txt' FAULTED — armed but not watching (file watch establishment pending past grace)
[2026-09-21 22:54:46.348] [warning] SparkEngine: watch 'file|102:C:\Users\<user>\AppData\Local\Temp\yuzu_test_spark_fileb2_storm_root_14557577477358468359_0\dep23\f.txt' FAULTED — armed but not watching (file watch establishment pending past grace)
[2026-09-21 22:54:46.349] [warning] SparkEngine: watch 'file|102:C:\Users\<user>\AppData\Local\Temp\yuzu_test_spark_fileb2_storm_root_14557577477358468359_0\dep24\f.txt' FAULTED — armed but not watching (file watch establishment pending past grace)
[2026-09-21 22:54:46.349] [warning] SparkEngine: watch 'file|102:C:\Users\<user>\AppData\Local\Temp\yuzu_test_spark_fileb2_storm_root_14557577477358468359_0\dep25\f.txt' FAULTED — armed but not watching (file watch establishment pending past grace)
[2026-09-21 22:54:46.349] [warning] SparkEngine: watch 'file|102:C:\Users\<user>\AppData\Local\Temp\yuzu_test_spark_fileb2_storm_root_14557577477358468359_0\dep26\f.txt' FAULTED — armed but not watching (file watch establishment pending past grace)
[2026-09-21 22:54:46.363] [warning] SparkEngine: watch 'file|102:C:\Users\<user>\AppData\Local\Temp\yuzu_test_spark_fileb2_storm_root_14557577477358468359_0\dep22\f.txt' FAULTED — armed but not watching (file watch establishment pending past grace)
[2026-09-21 22:54:46.378] [info] SparkEngine: watch 'file|102:C:\Users\<user>\AppData\Local\Temp\yuzu_test_spark_fileb2_storm_root_14557577477358468359_0\dep28\f.txt' recovered
[2026-09-21 22:54:46.412] [info] SparkEngine: watch 'file|102:C:\Users\<user>\AppData\Local\Temp\yuzu_test_spark_fileb2_storm_root_14557577477358468359_0\dep12\f.txt' recovered
[2026-09-21 22:54:46.412] [info] SparkEngine: watch 'file|102:C:\Users\<user>\AppData\Local\Temp\yuzu_test_spark_fileb2_storm_root_14557577477358468359_0\dep13\f.txt' recovered
[2026-09-21 22:54:46.412] [info] SparkEngine: watch 'file|102:C:\Users\<user>\AppData\Local\Temp\yuzu_test_spark_fileb2_storm_root_14557577477358468359_0\dep15\f.txt' recovered
[2026-09-21 22:54:46.412] [info] SparkEngine: watch 'file|102:C:\Users\<user>\AppData\Local\Temp\yuzu_test_spark_fileb2_storm_root_14557577477358468359_0\dep16\f.txt' recovered
[2026-09-21 22:54:46.412] [info] SparkEngine: watch 'file|102:C:\Users\<user>\AppData\Local\Temp\yuzu_test_spark_fileb2_storm_root_14557577477358468359_0\dep19\f.txt' recovered
[2026-09-21 22:54:46.412] [info] SparkEngine: watch 'file|102:C:\Users\<user>\AppData\Local\Temp\yuzu_test_spark_fileb2_storm_root_14557577477358468359_0\dep21\f.txt' recovered
[2026-09-21 22:54:46.412] [info] SparkEngine: watch 'file|102:C:\Users\<user>\AppData\Local\Temp\yuzu_test_spark_fileb2_storm_root_14557577477358468359_0\dep23\f.txt' recovered
[2026-09-21 22:54:46.413] [info] SparkEngine: watch 'file|102:C:\Users\<user>\AppData\Local\Temp\yuzu_test_spark_fileb2_storm_root_14557577477358468359_0\dep24\f.txt' recovered
[2026-09-21 22:54:46.415] [warning] SparkEngine: watch 'file|101:C:\Users\<user>\AppData\Local\Temp\yuzu_test_spark_fileb2_storm_root_14557577477358468359_0\dep8\f.txt' FAULTED — armed but not watching (file watch establishment pending past grace)
[2026-09-21 22:54:46.415] [warning] SparkEngine: watch 'file|102:C:\Users\<user>\AppData\Local\Temp\yuzu_test_spark_fileb2_storm_root_14557577477358468359_0\dep10\f.txt' FAULTED — armed but not watching (file watch establishment pending past grace)
[2026-09-21 22:54:46.415] [warning] SparkEngine: watch 'file|102:C:\Users\<user>\AppData\Local\Temp\yuzu_test_spark_fileb2_storm_root_14557577477358468359_0\dep11\f.txt' FAULTED — armed but not watching (file watch establishment pending past grace)
[2026-09-21 22:54:46.415] [warning] SparkEngine: watch 'file|102:C:\Users\<user>\AppData\Local\Temp\yuzu_test_spark_fileb2_storm_root_14557577477358468359_0\dep17\f.txt' FAULTED — armed but not watching (file watch establishment pending past grace)
[2026-09-21 22:54:46.415] [warning] SparkEngine: watch 'file|102:C:\Users\<user>\AppData\Local\Temp\yuzu_test_spark_fileb2_storm_root_14557577477358468359_0\dep18\f.txt' FAULTED — armed but not watching (file watch establishment pending past grace)
[2026-09-21 22:54:46.426] [info] SparkEngine: watch 'file|102:C:\Users\<user>\AppData\Local\Temp\yuzu_test_spark_fileb2_storm_root_14557577477358468359_0\dep22\f.txt' recovered
[2026-09-21 22:54:46.446] [warning] SparkEngine: watch 'file|102:C:\Users\<user>\AppData\Local\Temp\yuzu_test_spark_fileb2_storm_root_14557577477358468359_0\dep14\f.txt' FAULTED — armed but not watching (file watch establishment pending past grace)
[2026-09-21 22:54:46.446] [warning] SparkEngine: watch 'file|102:C:\Users\<user>\AppData\Local\Temp\yuzu_test_spark_fileb2_storm_root_14557577477358468359_0\dep20\f.txt' FAULTED — armed but not watching (file watch establishment pending past grace)
[2026-09-21 22:54:46.446] [warning] SparkEngine: watch 'file|102:C:\Users\<user>\AppData\Local\Temp\yuzu_test_spark_fileb2_storm_root_14557577477358468359_0\dep28\f.txt' FAULTED — armed but not watching (file watch establishment pending past grace)
[2026-09-21 22:54:46.447] [info] SparkEngine: watch 'file|102:C:\Users\<user>\AppData\Local\Temp\yuzu_test_spark_fileb2_storm_root_14557577477358468359_0\dep14\f.txt' recovered
[2026-09-21 22:54:46.506] [warning] SparkEngine: watch 'file|102:C:\Users\<user>\AppData\Local\Temp\yuzu_test_spark_fileb2_storm_root_14557577477358468359_0\dep29\f.txt' FAULTED — armed but not watching (file watch establishment pending past grace)
[2026-09-21 22:54:46.507] [info] SparkEngine: watch 'file|102:C:\Users\<user>\AppData\Local\Temp\yuzu_test_spark_fileb2_storm_root_14557577477358468359_0\dep29\f.txt' recovered
[2026-09-21 22:54:46.508] [warning] SparkEngine: watch 'file|101:C:\Users\<user>\AppData\Local\Temp\yuzu_test_spark_fileb2_storm_root_14557577477358468359_0\dep9\f.txt' FAULTED — armed but not watching (file watch establishment pending past grace)
[2026-09-21 22:54:46.509] [warning] SparkEngine: watch 'file|102:C:\Users\<user>\AppData\Local\Temp\yuzu_test_spark_fileb2_storm_root_14557577477358468359_0\dep12\f.txt' FAULTED — armed but not watching (file watch establishment pending past grace)
[2026-09-21 22:54:46.509] [warning] SparkEngine: watch 'file|102:C:\Users\<user>\AppData\Local\Temp\yuzu_test_spark_fileb2_storm_root_14557577477358468359_0\dep22\f.txt' FAULTED — armed but not watching (file watch establishment pending past grace)
[2026-09-21 22:54:46.509] [warning] SparkEngine: watch 'file|102:C:\Users\<user>\AppData\Local\Temp\yuzu_test_spark_fileb2_storm_root_14557577477358468359_0\dep27\f.txt' FAULTED — armed but not watching (file watch establishment pending past grace)
[2026-09-21 22:54:46.510] [info] SparkEngine: watch 'file|101:C:\Users\<user>\AppData\Local\Temp\yuzu_test_spark_fileb2_storm_root_14557577477358468359_0\dep9\f.txt' recovered
[2026-09-21 22:54:46.510] [info] SparkEngine: watch 'file|102:C:\Users\<user>\AppData\Local\Temp\yuzu_test_spark_fileb2_storm_root_14557577477358468359_0\dep22\f.txt' recovered
[2026-09-21 22:54:46.512] [info] SparkEngine: watch 'file|102:C:\Users\<user>\AppData\Local\Temp\yuzu_test_spark_fileb2_storm_root_14557577477358468359_0\dep12\f.txt' recovered
[2026-09-21 22:54:46.538] [info] SparkEngine: watch 'file|102:C:\Users\<user>\AppData\Local\Temp\yuzu_test_spark_fileb2_storm_root_14557577477358468359_0\dep25\f.txt' recovered
[2026-09-21 22:54:46.538] [info] SparkEngine: watch 'file|102:C:\Users\<user>\AppData\Local\Temp\yuzu_test_spark_fileb2_storm_root_14557577477358468359_0\dep26\f.txt' recovered
[2026-09-21 22:54:46.540] [warning] SparkEngine: watch 'file|102:C:\Users\<user>\AppData\Local\Temp\yuzu_test_spark_fileb2_storm_root_14557577477358468359_0\dep13\f.txt' FAULTED — armed but not watching (file watch establishment pending past grace)
[2026-09-21 22:54:46.540] [warning] SparkEngine: watch 'file|102:C:\Users\<user>\AppData\Local\Temp\yuzu_test_spark_fileb2_storm_root_14557577477358468359_0\dep14\f.txt' FAULTED — armed but not watching (file watch establishment pending past grace)
[2026-09-21 22:54:46.540] [warning] SparkEngine: watch 'file|102:C:\Users\<user>\AppData\Local\Temp\yuzu_test_spark_fileb2_storm_root_14557577477358468359_0\dep19\f.txt' FAULTED — armed but not watching (file watch establishment pending past grace)
[2026-09-21 22:54:46.541] [warning] SparkEngine: watch 'file|102:C:\Users\<user>\AppData\Local\Temp\yuzu_test_spark_fileb2_storm_root_14557577477358468359_0\dep21\f.txt' FAULTED — armed but not watching (file watch establishment pending past grace)
[2026-09-21 22:54:46.541] [warning] SparkEngine: watch 'file|102:C:\Users\<user>\AppData\Local\Temp\yuzu_test_spark_fileb2_storm_root_14557577477358468359_0\dep23\f.txt' FAULTED — armed but not watching (file watch establishment pending past grace)
[2026-09-21 22:54:46.541] [warning] SparkEngine: watch 'file|102:C:\Users\<user>\AppData\Local\Temp\yuzu_test_spark_fileb2_storm_root_14557577477358468359_0\dep24\f.txt' FAULTED — armed but not watching (file watch establishment pending past grace)
[2026-09-21 22:54:46.570] [info] SparkEngine: watch 'file|102:C:\Users\<user>\AppData\Local\Temp\yuzu_test_spark_fileb2_storm_root_14557577477358468359_0\dep27\f.txt' recovered
[2026-09-21 22:54:46.571] [warning] SparkEngine: watch 'file|102:C:\Users\<user>\AppData\Local\Temp\yuzu_test_spark_fileb2_storm_root_14557577477358468359_0\dep22\f.txt' FAULTED — armed but not watching (file watch establishment pending past grace)
[2026-09-21 22:54:46.571] [warning] SparkEngine: watch 'file|102:C:\Users\<user>\AppData\Local\Temp\yuzu_test_spark_fileb2_storm_root_14557577477358468359_0\dep29\f.txt' FAULTED — armed but not watching (file watch establishment pending past grace)
[2026-09-21 22:54:46.602] [info] SparkEngine: watch 'file|101:C:\Users\<user>\AppData\Local\Temp\yuzu_test_spark_fileb2_storm_root_14557577477358468359_0\dep8\f.txt' recovered
[2026-09-21 22:54:46.602] [info] SparkEngine: watch 'file|102:C:\Users\<user>\AppData\Local\Temp\yuzu_test_spark_fileb2_storm_root_14557577477358468359_0\dep10\f.txt' recovered
[2026-09-21 22:54:46.602] [info] SparkEngine: watch 'file|102:C:\Users\<user>\AppData\Local\Temp\yuzu_test_spark_fileb2_storm_root_14557577477358468359_0\dep13\f.txt' recovered
[2026-09-21 22:54:46.603] [info] SparkEngine: watch 'file|102:C:\Users\<user>\AppData\Local\Temp\yuzu_test_spark_fileb2_storm_root_14557577477358468359_0\dep11\f.txt' recovered
[2026-09-21 22:54:46.603] [info] SparkEngine: watch 'file|102:C:\Users\<user>\AppData\Local\Temp\yuzu_test_spark_fileb2_storm_root_14557577477358468359_0\dep14\f.txt' recovered
[2026-09-21 22:54:46.603] [info] SparkEngine: watch 'file|102:C:\Users\<user>\AppData\Local\Temp\yuzu_test_spark_fileb2_storm_root_14557577477358468359_0\dep17\f.txt' recovered
[2026-09-21 22:54:46.603] [info] SparkEngine: watch 'file|102:C:\Users\<user>\AppData\Local\Temp\yuzu_test_spark_fileb2_storm_root_14557577477358468359_0\dep18\f.txt' recovered
[2026-09-21 22:54:46.603] [info] SparkEngine: watch 'file|102:C:\Users\<user>\AppData\Local\Temp\yuzu_test_spark_fileb2_storm_root_14557577477358468359_0\dep19\f.txt' recovered
[2026-09-21 22:54:46.634] [info] SparkEngine: watch 'file|102:C:\Users\<user>\AppData\Local\Temp\yuzu_test_spark_fileb2_storm_root_14557577477358468359_0\dep20\f.txt' recovered
[2026-09-21 22:54:46.634] [info] SparkEngine: watch 'file|102:C:\Users\<user>\AppData\Local\Temp\yuzu_test_spark_fileb2_storm_root_14557577477358468359_0\dep22\f.txt' recovered
[2026-09-21 22:54:46.634] [info] SparkEngine: watch 'file|102:C:\Users\<user>\AppData\Local\Temp\yuzu_test_spark_fileb2_storm_root_14557577477358468359_0\dep28\f.txt' recovered
[2026-09-21 22:54:46.634] [info] SparkEngine: watch 'file|102:C:\Users\<user>\AppData\Local\Temp\yuzu_test_spark_fileb2_storm_root_14557577477358468359_0\dep29\f.txt' recovered
[2026-09-21 22:54:46.667] [warning] SparkEngine: watch 'file|101:C:\Users\<user>\AppData\Local\Temp\yuzu_test_spark_fileb2_storm_root_14557577477358468359_0\dep4\f.txt' FAULTED — armed but not watching (file watch establishment pending past grace)
[2026-09-21 22:54:46.667] [warning] SparkEngine: watch 'file|101:C:\Users\<user>\AppData\Local\Temp\yuzu_test_spark_fileb2_storm_root_14557577477358468359_0\dep5\f.txt' FAULTED — armed but not watching (file watch establishment pending past grace)
[2026-09-21 22:54:46.667] [warning] SparkEngine: watch 'file|101:C:\Users\<user>\AppData\Local\Temp\yuzu_test_spark_fileb2_storm_root_14557577477358468359_0\dep6\f.txt' FAULTED — armed but not watching (file watch establishment pending past grace)
[2026-09-21 22:54:46.667] [warning] SparkEngine: watch 'file|101:C:\Users\<user>\AppData\Local\Temp\yuzu_test_spark_fileb2_storm_root_14557577477358468359_0\dep8\f.txt' FAULTED — armed but not watching (file watch establishment pending past grace)
[2026-09-21 22:54:46.668] [warning] SparkEngine: watch 'file|101:C:\Users\<user>\AppData\Local\Temp\yuzu_test_spark_fileb2_storm_root_14557577477358468359_0\dep9\f.txt' FAULTED — armed but not watching (file watch establishment pending past grace)
[2026-09-21 22:54:46.668] [warning] SparkEngine: watch 'file|102:C:\Users\<user>\AppData\Local\Temp\yuzu_test_spark_fileb2_storm_root_14557577477358468359_0\dep10\f.txt' FAULTED — armed but not watching (file watch establishment pending past grace)
[2026-09-21 22:54:46.668] [warning] SparkEngine: watch 'file|102:C:\Users\<user>\AppData\Local\Temp\yuzu_test_spark_fileb2_storm_root_14557577477358468359_0\dep11\f.txt' FAULTED — armed but not watching (file watch establishment pending past grace)
[2026-09-21 22:54:46.668] [warning] SparkEngine: watch 'file|102:C:\Users\<user>\AppData\Local\Temp\yuzu_test_spark_fileb2_storm_root_14557577477358468359_0\dep14\f.txt' FAULTED — armed but not watching (file watch establishment pending past grace)
[2026-09-21 22:54:46.715] [warning] SparkEngine: watch 'file|102:C:\Users\<user>\AppData\Local\Temp\yuzu_test_spark_fileb2_storm_root_14557577477358468359_0\dep17\f.txt' FAULTED — armed but not watching (file watch establishment pending past grace)
[2026-09-21 22:54:46.715] [warning] SparkEngine: watch 'file|102:C:\Users\<user>\AppData\Local\Temp\yuzu_test_spark_fileb2_storm_root_14557577477358468359_0\dep18\f.txt' FAULTED — armed but not watching (file watch establishment pending past grace)
[2026-09-21 22:54:46.715] [warning] SparkEngine: watch 'file|102:C:\Users\<user>\AppData\Local\Temp\yuzu_test_spark_fileb2_storm_root_14557577477358468359_0\dep27\f.txt' FAULTED — armed but not watching (file watch establishment pending past grace)
[2026-09-21 22:54:46.730] [info] SparkEngine: watch 'file|101:C:\Users\<user>\AppData\Local\Temp\yuzu_test_spark_fileb2_storm_root_14557577477358468359_0\dep4\f.txt' recovered
[2026-09-21 22:54:46.731] [info] SparkEngine: watch 'file|101:C:\Users\<user>\AppData\Local\Temp\yuzu_test_spark_fileb2_storm_root_14557577477358468359_0\dep5\f.txt' recovered
[2026-09-21 22:54:46.732] [info] SparkEngine: watch 'file|101:C:\Users\<user>\AppData\Local\Temp\yuzu_test_spark_fileb2_storm_root_14557577477358468359_0\dep6\f.txt' recovered
[2026-09-21 22:54:46.732] [info] SparkEngine: watch 'file|101:C:\Users\<user>\AppData\Local\Temp\yuzu_test_spark_fileb2_storm_root_14557577477358468359_0\dep8\f.txt' recovered
[2026-09-21 22:54:46.732] [info] SparkEngine: watch 'file|101:C:\Users\<user>\AppData\Local\Temp\yuzu_test_spark_fileb2_storm_root_14557577477358468359_0\dep9\f.txt' recovered
[2026-09-21 22:54:46.732] [info] SparkEngine: watch 'file|102:C:\Users\<user>\AppData\Local\Temp\yuzu_test_spark_fileb2_storm_root_14557577477358468359_0\dep10\f.txt' recovered
[2026-09-21 22:54:46.732] [info] SparkEngine: watch 'file|102:C:\Users\<user>\AppData\Local\Temp\yuzu_test_spark_fileb2_storm_root_14557577477358468359_0\dep11\f.txt' recovered
[2026-09-21 22:54:46.732] [info] SparkEngine: watch 'file|102:C:\Users\<user>\AppData\Local\Temp\yuzu_test_spark_fileb2_storm_root_14557577477358468359_0\dep14\f.txt' recovered
[2026-09-21 22:54:46.779] [info] SparkEngine: watch 'file|102:C:\Users\<user>\AppData\Local\Temp\yuzu_test_spark_fileb2_storm_root_14557577477358468359_0\dep17\f.txt' recovered
[2026-09-21 22:54:46.779] [info] SparkEngine: watch 'file|102:C:\Users\<user>\AppData\Local\Temp\yuzu_test_spark_fileb2_storm_root_14557577477358468359_0\dep18\f.txt' recovered
[2026-09-21 22:54:46.779] [info] SparkEngine: watch 'file|102:C:\Users\<user>\AppData\Local\Temp\yuzu_test_spark_fileb2_storm_root_14557577477358468359_0\dep27\f.txt' recovered
[2026-09-21 22:54:46.844] [warning] SparkEngine: watch 'file|102:C:\Users\<user>\AppData\Local\Temp\yuzu_test_spark_fileb2_storm_root_14557577477358468359_0\dep27\f.txt' FAULTED — armed but not watching (file watch establishment pending past grace)
[2026-09-21 22:54:46.860] [warning] SparkEngine: watch 'file|101:C:\Users\<user>\AppData\Local\Temp\yuzu_test_spark_fileb2_storm_root_14557577477358468359_0\dep2\f.txt' FAULTED — armed but not watching (file watch establishment pending past grace)
[2026-09-21 22:54:46.860] [warning] SparkEngine: watch 'file|101:C:\Users\<user>\AppData\Local\Temp\yuzu_test_spark_fileb2_storm_root_14557577477358468359_0\dep4\f.txt' FAULTED — armed but not watching (file watch establishment pending past grace)
[2026-09-21 22:54:46.861] [warning] SparkEngine: watch 'file|101:C:\Users\<user>\AppData\Local\Temp\yuzu_test_spark_fileb2_storm_root_14557577477358468359_0\dep6\f.txt' FAULTED — armed but not watching (file watch establishment pending past grace)
[2026-09-21 22:54:46.861] [warning] SparkEngine: watch 'file|101:C:\Users\<user>\AppData\Local\Temp\yuzu_test_spark_fileb2_storm_root_14557577477358468359_0\dep8\f.txt' FAULTED — armed but not watching (file watch establishment pending past grace)
[2026-09-21 22:54:46.861] [warning] SparkEngine: watch 'file|101:C:\Users\<user>\AppData\Local\Temp\yuzu_test_spark_fileb2_storm_root_14557577477358468359_0\dep9\f.txt' FAULTED — armed but not watching (file watch establishment pending past grace)
[2026-09-21 22:54:46.861] [warning] SparkEngine: watch 'file|102:C:\Users\<user>\AppData\Local\Temp\yuzu_test_spark_fileb2_storm_root_14557577477358468359_0\dep10\f.txt' FAULTED — armed but not watching (file watch establishment pending past grace)
[2026-09-21 22:54:46.861] [warning] SparkEngine: watch 'file|102:C:\Users\<user>\AppData\Local\Temp\yuzu_test_spark_fileb2_storm_root_14557577477358468359_0\dep11\f.txt' FAULTED — armed but not watching (file watch establishment pending past grace)
[2026-09-21 22:54:46.904] [info] SparkEngine: watch 'file|102:C:\Users\<user>\AppData\Local\Temp\yuzu_test_spark_fileb2_storm_root_14557577477358468359_0\dep27\f.txt' recovered
[2026-09-21 22:54:46.907] [warning] SparkEngine: watch 'file|102:C:\Users\<user>\AppData\Local\Temp\yuzu_test_spark_fileb2_storm_root_14557577477358468359_0\dep19\f.txt' FAULTED — armed but not watching (file watch establishment pending past grace)
[2026-09-21 22:54:46.908] [warning] SparkEngine: watch 'file|102:C:\Users\<user>\AppData\Local\Temp\yuzu_test_spark_fileb2_storm_root_14557577477358468359_0\dep25\f.txt' FAULTED — armed but not watching (file watch establishment pending past grace)
[2026-09-21 22:54:46.908] [warning] SparkEngine: watch 'file|102:C:\Users\<user>\AppData\Local\Temp\yuzu_test_spark_fileb2_storm_root_14557577477358468359_0\dep26\f.txt' FAULTED — armed but not watching (file watch establishment pending past grace)
[2026-09-21 22:54:46.908] [warning] SparkEngine: watch 'file|102:C:\Users\<user>\AppData\Local\Temp\yuzu_test_spark_fileb2_storm_root_14557577477358468359_0\dep28\f.txt' FAULTED — armed but not watching (file watch establishment pending past grace)
[2026-09-21 22:54:46.921] [info] SparkEngine: watch 'file|102:C:\Users\<user>\AppData\Local\Temp\yuzu_test_spark_fileb2_storm_root_14557577477358468359_0\dep19\f.txt' recovered
[2026-09-21 22:54:46.922] [info] SparkEngine: watch 'file|102:C:\Users\<user>\AppData\Local\Temp\yuzu_test_spark_fileb2_storm_root_14557577477358468359_0\dep25\f.txt' recovered
[2026-09-21 22:54:46.922] [info] SparkEngine: watch 'file|102:C:\Users\<user>\AppData\Local\Temp\yuzu_test_spark_fileb2_storm_root_14557577477358468359_0\dep26\f.txt' recovered
[2026-09-21 22:54:46.925] [info] SparkEngine: watch 'file|101:C:\Users\<user>\AppData\Local\Temp\yuzu_test_spark_fileb2_storm_root_14557577477358468359_0\dep2\f.txt' recovered
[2026-09-21 22:54:46.925] [info] SparkEngine: watch 'file|101:C:\Users\<user>\AppData\Local\Temp\yuzu_test_spark_fileb2_storm_root_14557577477358468359_0\dep4\f.txt' recovered
[2026-09-21 22:54:46.925] [info] SparkEngine: watch 'file|101:C:\Users\<user>\AppData\Local\Temp\yuzu_test_spark_fileb2_storm_root_14557577477358468359_0\dep6\f.txt' recovered
[2026-09-21 22:54:46.925] [info] SparkEngine: watch 'file|101:C:\Users\<user>\AppData\Local\Temp\yuzu_test_spark_fileb2_storm_root_14557577477358468359_0\dep8\f.txt' recovered
[2026-09-21 22:54:46.925] [info] SparkEngine: watch 'file|101:C:\Users\<user>\AppData\Local\Temp\yuzu_test_spark_fileb2_storm_root_14557577477358468359_0\dep9\f.txt' recovered
[2026-09-21 22:54:46.925] [info] SparkEngine: watch 'file|102:C:\Users\<user>\AppData\Local\Temp\yuzu_test_spark_fileb2_storm_root_14557577477358468359_0\dep10\f.txt' recovered
[2026-09-21 22:54:46.925] [info] SparkEngine: watch 'file|102:C:\Users\<user>\AppData\Local\Temp\yuzu_test_spark_fileb2_storm_root_14557577477358468359_0\dep11\f.txt' recovered
[2026-09-21 22:54:46.952] [warning] SparkEngine: watch 'file|102:C:\Users\<user>\AppData\Local\Temp\yuzu_test_spark_fileb2_storm_root_14557577477358468359_0\dep17\f.txt' FAULTED — armed but not watching (file watch establishment pending past grace)
[2026-09-21 22:54:46.952] [warning] SparkEngine: watch 'file|102:C:\Users\<user>\AppData\Local\Temp\yuzu_test_spark_fileb2_storm_root_14557577477358468359_0\dep18\f.txt' FAULTED — armed but not watching (file watch establishment pending past grace)
[2026-09-21 22:54:46.955] [warning] SparkEngine: watch 'file|102:C:\Users\<user>\AppData\Local\Temp\yuzu_test_spark_fileb2_storm_root_14557577477358468359_0\dep27\f.txt' FAULTED — armed but not watching (file watch establishment pending past grace)
[2026-09-21 22:54:46.968] [info] SparkEngine: watch 'file|102:C:\Users\<user>\AppData\Local\Temp\yuzu_test_spark_fileb2_storm_root_14557577477358468359_0\dep27\f.txt' recovered
[2026-09-21 22:54:46.971] [info] SparkEngine: watch 'file|102:C:\Users\<user>\AppData\Local\Temp\yuzu_test_spark_fileb2_storm_root_14557577477358468359_0\dep28\f.txt' recovered
[2026-09-21 22:54:46.974] [warning] SparkEngine: watch 'file|102:C:\Users\<user>\AppData\Local\Temp\yuzu_test_spark_fileb2_storm_root_14557577477358468359_0\dep16\f.txt' FAULTED — armed but not watching (file watch establishment pending past grace)
[2026-09-21 22:54:46.974] [warning] SparkEngine: watch 'file|102:C:\Users\<user>\AppData\Local\Temp\yuzu_test_spark_fileb2_storm_root_14557577477358468359_0\dep19\f.txt' FAULTED — armed but not watching (file watch establishment pending past grace)
[2026-09-21 22:54:46.974] [warning] SparkEngine: watch 'file|102:C:\Users\<user>\AppData\Local\Temp\yuzu_test_spark_fileb2_storm_root_14557577477358468359_0\dep20\f.txt' FAULTED — armed but not watching (file watch establishment pending past grace)
[2026-09-21 22:54:46.975] [warning] SparkEngine: watch 'file|102:C:\Users\<user>\AppData\Local\Temp\yuzu_test_spark_fileb2_storm_root_14557577477358468359_0\dep22\f.txt' FAULTED — armed but not watching (file watch establishment pending past grace)
[2026-09-21 22:54:46.975] [warning] SparkEngine: watch 'file|102:C:\Users\<user>\AppData\Local\Temp\yuzu_test_spark_fileb2_storm_root_14557577477358468359_0\dep25\f.txt' FAULTED — armed but not watching (file watch establishment pending past grace)
[2026-09-21 22:54:46.975] [warning] SparkEngine: watch 'file|102:C:\Users\<user>\AppData\Local\Temp\yuzu_test_spark_fileb2_storm_root_14557577477358468359_0\dep26\f.txt' FAULTED — armed but not watching (file watch establishment pending past grace)
[2026-09-21 22:54:46.975] [warning] SparkEngine: watch 'file|102:C:\Users\<user>\AppData\Local\Temp\yuzu_test_spark_fileb2_storm_root_14557577477358468359_0\dep29\f.txt' FAULTED — armed but not watching (file watch establishment pending past grace)
[2026-09-21 22:54:46.975] [info] SparkEngine: watch 'file|102:C:\Users\<user>\AppData\Local\Temp\yuzu_test_spark_fileb2_storm_root_14557577477358468359_0\dep16\f.txt' recovered
[2026-09-21 22:54:47.006] [warning] SparkEngine: watch 'file|102:C:\Users\<user>\AppData\Local\Temp\yuzu_test_spark_fileb2_storm_root_14557577477358468359_0\dep10\f.txt' FAULTED — armed but not watching (file watch establishment pending past grace)
[2026-09-21 22:54:47.006] [warning] SparkEngine: watch 'file|102:C:\Users\<user>\AppData\Local\Temp\yuzu_test_spark_fileb2_storm_root_14557577477358468359_0\dep11\f.txt' FAULTED — armed but not watching (file watch establishment pending past grace)
[2026-09-21 22:54:47.006] [warning] SparkEngine: watch 'file|102:C:\Users\<user>\AppData\Local\Temp\yuzu_test_spark_fileb2_storm_root_14557577477358468359_0\dep12\f.txt' FAULTED — armed but not watching (file watch establishment pending past grace)
[2026-09-21 22:54:47.006] [warning] SparkEngine: watch 'file|102:C:\Users\<user>\AppData\Local\Temp\yuzu_test_spark_fileb2_storm_root_14557577477358468359_0\dep14\f.txt' FAULTED — armed but not watching (file watch establishment pending past grace)
[2026-09-21 22:54:47.008] [info] SparkEngine: watch 'file|102:C:\Users\<user>\AppData\Local\Temp\yuzu_test_spark_fileb2_storm_root_14557577477358468359_0\dep10\f.txt' recovered
[2026-09-21 22:54:47.018] [info] SparkEngine: watch 'file|102:C:\Users\<user>\AppData\Local\Temp\yuzu_test_spark_fileb2_storm_root_14557577477358468359_0\dep17\f.txt' recovered
[2026-09-21 22:54:47.018] [info] SparkEngine: watch 'file|102:C:\Users\<user>\AppData\Local\Temp\yuzu_test_spark_fileb2_storm_root_14557577477358468359_0\dep18\f.txt' recovered
[2026-09-21 22:54:47.067] [info] SparkEngine: watch 'file|102:C:\Users\<user>\AppData\Local\Temp\yuzu_test_spark_fileb2_storm_root_14557577477358468359_0\dep11\f.txt' recovered
[2026-09-21 22:54:47.067] [info] SparkEngine: watch 'file|102:C:\Users\<user>\AppData\Local\Temp\yuzu_test_spark_fileb2_storm_root_14557577477358468359_0\dep12\f.txt' recovered
[2026-09-21 22:54:47.067] [info] SparkEngine: watch 'file|102:C:\Users\<user>\AppData\Local\Temp\yuzu_test_spark_fileb2_storm_root_14557577477358468359_0\dep14\f.txt' recovered
[2026-09-21 22:54:47.068] [warning] SparkEngine: watch 'file|101:C:\Users\<user>\AppData\Local\Temp\yuzu_test_spark_fileb2_storm_root_14557577477358468359_0\dep8\f.txt' FAULTED — armed but not watching (file watch establishment pending past grace)
[2026-09-21 22:54:47.068] [warning] SparkEngine: watch 'file|101:C:\Users\<user>\AppData\Local\Temp\yuzu_test_spark_fileb2_storm_root_14557577477358468359_0\dep9\f.txt' FAULTED — armed but not watching (file watch establishment pending past grace)
[2026-09-21 22:54:47.068] [warning] SparkEngine: watch 'file|102:C:\Users\<user>\AppData\Local\Temp\yuzu_test_spark_fileb2_storm_root_14557577477358468359_0\dep10\f.txt' FAULTED — armed but not watching (file watch establishment pending past grace)
[2026-09-21 22:54:47.069] [warning] SparkEngine: watch 'file|102:C:\Users\<user>\AppData\Local\Temp\yuzu_test_spark_fileb2_storm_root_14557577477358468359_0\dep13\f.txt' FAULTED — armed but not watching (file watch establishment pending past grace)
[2026-09-21 22:54:47.069] [warning] SparkEngine: watch 'file|102:C:\Users\<user>\AppData\Local\Temp\yuzu_test_spark_fileb2_storm_root_14557577477358468359_0\dep15\f.txt' FAULTED — armed but not watching (file watch establishment pending past grace)
[2026-09-21 22:54:47.069] [warning] SparkEngine: watch 'file|102:C:\Users\<user>\AppData\Local\Temp\yuzu_test_spark_fileb2_storm_root_14557577477358468359_0\dep16\f.txt' FAULTED — armed but not watching (file watch establishment pending past grace)
[2026-09-21 22:54:47.099] [warning] SparkEngine: watch 'file|102:C:\Users\<user>\AppData\Local\Temp\yuzu_test_spark_fileb2_storm_root_14557577477358468359_0\dep18\f.txt' FAULTED — armed but not watching (file watch establishment pending past grace)
[2026-09-21 22:54:47.099] [warning] SparkEngine: watch 'file|102:C:\Users\<user>\AppData\Local\Temp\yuzu_test_spark_fileb2_storm_root_14557577477358468359_0\dep27\f.txt' FAULTED — armed but not watching (file watch establishment pending past grace)
[2026-09-21 22:54:47.099] [warning] SparkEngine: watch 'file|102:C:\Users\<user>\AppData\Local\Temp\yuzu_test_spark_fileb2_storm_root_14557577477358468359_0\dep28\f.txt' FAULTED — armed but not watching (file watch establishment pending past grace)
[2026-09-21 22:54:47.130] [info] SparkEngine: watch 'file|101:C:\Users\<user>\AppData\Local\Temp\yuzu_test_spark_fileb2_storm_root_14557577477358468359_0\dep8\f.txt' recovered
[2026-09-21 22:54:47.130] [info] SparkEngine: watch 'file|102:C:\Users\<user>\AppData\Local\Temp\yuzu_test_spark_fileb2_storm_root_14557577477358468359_0\dep10\f.txt' recovered
[2026-09-21 22:54:47.131] [info] SparkEngine: watch 'file|101:C:\Users\<user>\AppData\Local\Temp\yuzu_test_spark_fileb2_storm_root_14557577477358468359_0\dep9\f.txt' recovered
[2026-09-21 22:54:47.131] [info] SparkEngine: watch 'file|102:C:\Users\<user>\AppData\Local\Temp\yuzu_test_spark_fileb2_storm_root_14557577477358468359_0\dep13\f.txt' recovered
[2026-09-21 22:54:47.131] [info] SparkEngine: watch 'file|102:C:\Users\<user>\AppData\Local\Temp\yuzu_test_spark_fileb2_storm_root_14557577477358468359_0\dep15\f.txt' recovered
[2026-09-21 22:54:47.131] [info] SparkEngine: watch 'file|102:C:\Users\<user>\AppData\Local\Temp\yuzu_test_spark_fileb2_storm_root_14557577477358468359_0\dep16\f.txt' recovered
[2026-09-21 22:54:47.164] [info] SparkEngine: watch 'file|102:C:\Users\<user>\AppData\Local\Temp\yuzu_test_spark_fileb2_storm_root_14557577477358468359_0\dep18\f.txt' recovered
[2026-09-21 22:54:47.164] [info] SparkEngine: watch 'file|102:C:\Users\<user>\AppData\Local\Temp\yuzu_test_spark_fileb2_storm_root_14557577477358468359_0\dep19\f.txt' recovered
[2026-09-21 22:54:47.164] [info] SparkEngine: watch 'file|102:C:\Users\<user>\AppData\Local\Temp\yuzu_test_spark_fileb2_storm_root_14557577477358468359_0\dep20\f.txt' recovered
[2026-09-21 22:54:47.164] [info] SparkEngine: watch 'file|102:C:\Users\<user>\AppData\Local\Temp\yuzu_test_spark_fileb2_storm_root_14557577477358468359_0\dep22\f.txt' recovered
[2026-09-21 22:54:47.164] [info] SparkEngine: watch 'file|102:C:\Users\<user>\AppData\Local\Temp\yuzu_test_spark_fileb2_storm_root_14557577477358468359_0\dep25\f.txt' recovered
[2026-09-21 22:54:47.164] [info] SparkEngine: watch 'file|102:C:\Users\<user>\AppData\Local\Temp\yuzu_test_spark_fileb2_storm_root_14557577477358468359_0\dep26\f.txt' recovered
[2026-09-21 22:54:47.164] [info] SparkEngine: watch 'file|102:C:\Users\<user>\AppData\Local\Temp\yuzu_test_spark_fileb2_storm_root_14557577477358468359_0\dep27\f.txt' recovered
[2026-09-21 22:54:47.164] [info] SparkEngine: watch 'file|102:C:\Users\<user>\AppData\Local\Temp\yuzu_test_spark_fileb2_storm_root_14557577477358468359_0\dep28\f.txt' recovered
[2026-09-21 22:54:47.196] [warning] SparkEngine: watch 'file|101:C:\Users\<user>\AppData\Local\Temp\yuzu_test_spark_fileb2_storm_root_14557577477358468359_0\dep9\f.txt' FAULTED — armed but not watching (file watch establishment pending past grace)
[2026-09-21 22:54:47.196] [warning] SparkEngine: watch 'file|102:C:\Users\<user>\AppData\Local\Temp\yuzu_test_spark_fileb2_storm_root_14557577477358468359_0\dep10\f.txt' FAULTED — armed but not watching (file watch establishment pending past grace)
[2026-09-21 22:54:47.196] [warning] SparkEngine: watch 'file|102:C:\Users\<user>\AppData\Local\Temp\yuzu_test_spark_fileb2_storm_root_14557577477358468359_0\dep13\f.txt' FAULTED — armed but not watching (file watch establishment pending past grace)
[2026-09-21 22:54:47.197] [warning] SparkEngine: watch 'file|102:C:\Users\<user>\AppData\Local\Temp\yuzu_test_spark_fileb2_storm_root_14557577477358468359_0\dep15\f.txt' FAULTED — armed but not watching (file watch establishment pending past grace)
[2026-09-21 22:54:47.197] [warning] SparkEngine: watch 'file|102:C:\Users\<user>\AppData\Local\Temp\yuzu_test_spark_fileb2_storm_root_14557577477358468359_0\dep16\f.txt' FAULTED — armed but not watching (file watch establishment pending past grace)
[2026-09-21 22:54:47.198] [info] SparkEngine: watch 'file|102:C:\Users\<user>\AppData\Local\Temp\yuzu_test_spark_fileb2_storm_root_14557577477358468359_0\dep10\f.txt' recovered
[2026-09-21 22:54:47.199] [info] SparkEngine: watch 'file|101:C:\Users\<user>\AppData\Local\Temp\yuzu_test_spark_fileb2_storm_root_14557577477358468359_0\dep9\f.txt' recovered
[2026-09-21 22:54:47.227] [warning] SparkEngine: watch 'file|101:C:\Users\<user>\AppData\Local\Temp\yuzu_test_spark_fileb2_storm_root_14557577477358468359_0\dep6\f.txt' FAULTED — armed but not watching (file watch establishment pending past grace)
[2026-09-21 22:54:47.227] [warning] SparkEngine: watch 'file|101:C:\Users\<user>\AppData\Local\Temp\yuzu_test_spark_fileb2_storm_root_14557577477358468359_0\dep8\f.txt' FAULTED — armed but not watching (file watch establishment pending past grace)
[2026-09-21 22:54:47.228] [warning] SparkEngine: watch 'file|102:C:\Users\<user>\AppData\Local\Temp\yuzu_test_spark_fileb2_storm_root_14557577477358468359_0\dep12\f.txt' FAULTED — armed but not watching (file watch establishment pending past grace)
[2026-09-21 22:54:47.228] [warning] SparkEngine: watch 'file|102:C:\Users\<user>\AppData\Local\Temp\yuzu_test_spark_fileb2_storm_root_14557577477358468359_0\dep14\f.txt' FAULTED — armed but not watching (file watch establishment pending past grace)
[2026-09-21 22:54:47.228] [warning] SparkEngine: watch 'file|102:C:\Users\<user>\AppData\Local\Temp\yuzu_test_spark_fileb2_storm_root_14557577477358468359_0\dep17\f.txt' FAULTED — armed but not watching (file watch establishment pending past grace)
[2026-09-21 22:54:47.228] [warning] SparkEngine: watch 'file|102:C:\Users\<user>\AppData\Local\Temp\yuzu_test_spark_fileb2_storm_root_14557577477358468359_0\dep18\f.txt' FAULTED — armed but not watching (file watch establishment pending past grace)
[2026-09-21 22:54:47.228] [warning] SparkEngine: watch 'file|102:C:\Users\<user>\AppData\Local\Temp\yuzu_test_spark_fileb2_storm_root_14557577477358468359_0\dep22\f.txt' FAULTED — armed but not watching (file watch establishment pending past grace)
[2026-09-21 22:54:47.228] [warning] SparkEngine: watch 'file|102:C:\Users\<user>\AppData\Local\Temp\yuzu_test_spark_fileb2_storm_root_14557577477358468359_0\dep25\f.txt' FAULTED — armed but not watching (file watch establishment pending past grace)
[2026-09-21 22:54:47.228] [warning] SparkEngine: watch 'file|102:C:\Users\<user>\AppData\Local\Temp\yuzu_test_spark_fileb2_storm_root_14557577477358468359_0\dep26\f.txt' FAULTED — armed but not watching (file watch establishment pending past grace)
[2026-09-21 22:54:47.229] [warning] SparkEngine: watch 'file|102:C:\Users\<user>\AppData\Local\Temp\yuzu_test_spark_fileb2_storm_root_14557577477358468359_0\dep28\f.txt' FAULTED — armed but not watching (file watch establishment pending past grace)
[2026-09-21 22:54:47.259] [warning] SparkEngine: watch 'file|102:C:\Users\<user>\AppData\Local\Temp\yuzu_test_spark_fileb2_storm_root_14557577477358468359_0\dep10\f.txt' FAULTED — armed but not watching (file watch establishment pending past grace)
[2026-09-21 22:54:47.259] [warning] SparkEngine: watch 'file|102:C:\Users\<user>\AppData\Local\Temp\yuzu_test_spark_fileb2_storm_root_14557577477358468359_0\dep11\f.txt' FAULTED — armed but not watching (file watch establishment pending past grace)
[2026-09-21 22:54:47.259] [warning] SparkEngine: watch 'file|102:C:\Users\<user>\AppData\Local\Temp\yuzu_test_spark_fileb2_storm_root_14557577477358468359_0\dep19\f.txt' FAULTED — armed but not watching (file watch establishment pending past grace)
[2026-09-21 22:54:47.259] [warning] SparkEngine: watch 'file|102:C:\Users\<user>\AppData\Local\Temp\yuzu_test_spark_fileb2_storm_root_14557577477358468359_0\dep20\f.txt' FAULTED — armed but not watching (file watch establishment pending past grace)
[2026-09-21 22:54:47.259] [warning] SparkEngine: watch 'file|102:C:\Users\<user>\AppData\Local\Temp\yuzu_test_spark_fileb2_storm_root_14557577477358468359_0\dep27\f.txt' FAULTED — armed but not watching (file watch establishment pending past grace)
[2026-09-21 22:54:47.289] [info] SparkEngine: watch 'file|101:C:\Users\<user>\AppData\Local\Temp\yuzu_test_spark_fileb2_storm_root_14557577477358468359_0\dep6\f.txt' recovered
[2026-09-21 22:54:47.291] [info] SparkEngine: watch 'file|101:C:\Users\<user>\AppData\Local\Temp\yuzu_test_spark_fileb2_storm_root_14557577477358468359_0\dep8\f.txt' recovered
[2026-09-21 22:54:47.291] [info] SparkEngine: watch 'file|102:C:\Users\<user>\AppData\Local\Temp\yuzu_test_spark_fileb2_storm_root_14557577477358468359_0\dep12\f.txt' recovered
[2026-09-21 22:54:47.291] [info] SparkEngine: watch 'file|102:C:\Users\<user>\AppData\Local\Temp\yuzu_test_spark_fileb2_storm_root_14557577477358468359_0\dep14\f.txt' recovered
[2026-09-21 22:54:47.291] [info] SparkEngine: watch 'file|102:C:\Users\<user>\AppData\Local\Temp\yuzu_test_spark_fileb2_storm_root_14557577477358468359_0\dep17\f.txt' recovered
[2026-09-21 22:54:47.291] [info] SparkEngine: watch 'file|102:C:\Users\<user>\AppData\Local\Temp\yuzu_test_spark_fileb2_storm_root_14557577477358468359_0\dep18\f.txt' recovered
[2026-09-21 22:54:47.291] [info] SparkEngine: watch 'file|102:C:\Users\<user>\AppData\Local\Temp\yuzu_test_spark_fileb2_storm_root_14557577477358468359_0\dep22\f.txt' recovered
[2026-09-21 22:54:47.291] [info] SparkEngine: watch 'file|102:C:\Users\<user>\AppData\Local\Temp\yuzu_test_spark_fileb2_storm_root_14557577477358468359_0\dep25\f.txt' recovered
[2026-09-21 22:54:47.323] [info] SparkEngine: watch 'file|102:C:\Users\<user>\AppData\Local\Temp\yuzu_test_spark_fileb2_storm_root_14557577477358468359_0\dep10\f.txt' recovered
[2026-09-21 22:54:47.323] [info] SparkEngine: watch 'file|102:C:\Users\<user>\AppData\Local\Temp\yuzu_test_spark_fileb2_storm_root_14557577477358468359_0\dep11\f.txt' recovered
[2026-09-21 22:54:47.323] [info] SparkEngine: watch 'file|102:C:\Users\<user>\AppData\Local\Temp\yuzu_test_spark_fileb2_storm_root_14557577477358468359_0\dep19\f.txt' recovered
[2026-09-21 22:54:47.323] [info] SparkEngine: watch 'file|102:C:\Users\<user>\AppData\Local\Temp\yuzu_test_spark_fileb2_storm_root_14557577477358468359_0\dep20\f.txt' recovered
[2026-09-21 22:54:47.323] [info] SparkEngine: watch 'file|102:C:\Users\<user>\AppData\Local\Temp\yuzu_test_spark_fileb2_storm_root_14557577477358468359_0\dep27\f.txt' recovered
[2026-09-21 22:54:47.386] [info] SparkEngine: watch 'file|102:C:\Users\<user>\AppData\Local\Temp\yuzu_test_spark_fileb2_storm_root_14557577477358468359_0\dep13\f.txt' recovered
[2026-09-21 22:54:47.386] [info] SparkEngine: watch 'file|102:C:\Users\<user>\AppData\Local\Temp\yuzu_test_spark_fileb2_storm_root_14557577477358468359_0\dep15\f.txt' recovered
[2026-09-21 22:54:47.386] [info] SparkEngine: watch 'file|102:C:\Users\<user>\AppData\Local\Temp\yuzu_test_spark_fileb2_storm_root_14557577477358468359_0\dep16\f.txt' recovered
[2026-09-21 22:54:47.388] [warning] SparkEngine: watch 'file|102:C:\Users\<user>\AppData\Local\Temp\yuzu_test_spark_fileb2_storm_root_14557577477358468359_0\dep12\f.txt' FAULTED — armed but not watching (file watch establishment pending past grace)
[2026-09-21 22:54:47.388] [warning] SparkEngine: watch 'file|102:C:\Users\<user>\AppData\Local\Temp\yuzu_test_spark_fileb2_storm_root_14557577477358468359_0\dep14\f.txt' FAULTED — armed but not watching (file watch establishment pending past grace)
[2026-09-21 22:54:47.388] [warning] SparkEngine: watch 'file|102:C:\Users\<user>\AppData\Local\Temp\yuzu_test_spark_fileb2_storm_root_14557577477358468359_0\dep17\f.txt' FAULTED — armed but not watching (file watch establishment pending past grace)
[2026-09-21 22:54:47.388] [warning] SparkEngine: watch 'file|102:C:\Users\<user>\AppData\Local\Temp\yuzu_test_spark_fileb2_storm_root_14557577477358468359_0\dep19\f.txt' FAULTED — armed but not watching (file watch establishment pending past grace)
[2026-09-21 22:54:47.388] [warning] SparkEngine: watch 'file|102:C:\Users\<user>\AppData\Local\Temp\yuzu_test_spark_fileb2_storm_root_14557577477358468359_0\dep20\f.txt' FAULTED — armed but not watching (file watch establishment pending past grace)
[2026-09-21 22:54:47.390] [warning] SparkEngine: watch 'file|101:C:\Users\<user>\AppData\Local\Temp\yuzu_test_spark_fileb2_storm_root_14557577477358468359_0\dep9\f.txt' FAULTED — armed but not watching (file watch establishment pending past grace)
[2026-09-21 22:54:47.416] [info] SparkEngine: watch 'file|102:C:\Users\<user>\AppData\Local\Temp\yuzu_test_spark_fileb2_storm_root_14557577477358468359_0\dep26\f.txt' recovered
[2026-09-21 22:54:47.416] [info] SparkEngine: watch 'file|102:C:\Users\<user>\AppData\Local\Temp\yuzu_test_spark_fileb2_storm_root_14557577477358468359_0\dep28\f.txt' recovered
[2026-09-21 22:54:47.419] [warning] SparkEngine: watch 'file|101:C:\Users\<user>\AppData\Local\Temp\yuzu_test_spark_fileb2_storm_root_14557577477358468359_0\dep8\f.txt' FAULTED — armed but not watching (file watch establishment pending past grace)
[2026-09-21 22:54:47.419] [warning] SparkEngine: watch 'file|102:C:\Users\<user>\AppData\Local\Temp\yuzu_test_spark_fileb2_storm_root_14557577477358468359_0\dep10\f.txt' FAULTED — armed but not watching (file watch establishment pending past grace)
[2026-09-21 22:54:47.452] [info] SparkEngine: watch 'file|101:C:\Users\<user>\AppData\Local\Temp\yuzu_test_spark_fileb2_storm_root_14557577477358468359_0\dep9\f.txt' recovered
[2026-09-21 22:54:47.452] [info] SparkEngine: watch 'file|102:C:\Users\<user>\AppData\Local\Temp\yuzu_test_spark_fileb2_storm_root_14557577477358468359_0\dep12\f.txt' recovered
[2026-09-21 22:54:47.452] [info] SparkEngine: watch 'file|102:C:\Users\<user>\AppData\Local\Temp\yuzu_test_spark_fileb2_storm_root_14557577477358468359_0\dep14\f.txt' recovered
[2026-09-21 22:54:47.452] [info] SparkEngine: watch 'file|102:C:\Users\<user>\AppData\Local\Temp\yuzu_test_spark_fileb2_storm_root_14557577477358468359_0\dep17\f.txt' recovered
[2026-09-21 22:54:47.452] [info] SparkEngine: watch 'file|102:C:\Users\<user>\AppData\Local\Temp\yuzu_test_spark_fileb2_storm_root_14557577477358468359_0\dep19\f.txt' recovered
[2026-09-21 22:54:47.452] [info] SparkEngine: watch 'file|102:C:\Users\<user>\AppData\Local\Temp\yuzu_test_spark_fileb2_storm_root_14557577477358468359_0\dep20\f.txt' recovered
[2026-09-21 22:54:47.454] [warning] SparkEngine: watch 'file|102:C:\Users\<user>\AppData\Local\Temp\yuzu_test_spark_fileb2_storm_root_14557577477358468359_0\dep11\f.txt' FAULTED — armed but not watching (file watch establishment pending past grace)
[2026-09-21 22:54:47.454] [warning] SparkEngine: watch 'file|102:C:\Users\<user>\AppData\Local\Temp\yuzu_test_spark_fileb2_storm_root_14557577477358468359_0\dep13\f.txt' FAULTED — armed but not watching (file watch establishment pending past grace)
[2026-09-21 22:54:47.454] [warning] SparkEngine: watch 'file|102:C:\Users\<user>\AppData\Local\Temp\yuzu_test_spark_fileb2_storm_root_14557577477358468359_0\dep15\f.txt' FAULTED — armed but not watching (file watch establishment pending past grace)
[2026-09-21 22:54:47.454] [warning] SparkEngine: watch 'file|102:C:\Users\<user>\AppData\Local\Temp\yuzu_test_spark_fileb2_storm_root_14557577477358468359_0\dep16\f.txt' FAULTED — armed but not watching (file watch establishment pending past grace)
[2026-09-21 22:54:47.468] [warning] SparkEngine: watch 'file|102:C:\Users\<user>\AppData\Local\Temp\yuzu_test_spark_fileb2_storm_root_14557577477358468359_0\dep27\f.txt' FAULTED — armed but not watching (file watch establishment pending past grace)
[2026-09-21 22:54:47.468] [info] SparkEngine: watch 'file|102:C:\Users\<user>\AppData\Local\Temp\yuzu_test_spark_fileb2_storm_root_14557577477358468359_0\dep27\f.txt' recovered
[2026-09-21 22:54:47.483] [info] SparkEngine: watch 'file|101:C:\Users\<user>\AppData\Local\Temp\yuzu_test_spark_fileb2_storm_root_14557577477358468359_0\dep8\f.txt' recovered
[2026-09-21 22:54:47.483] [info] SparkEngine: watch 'file|102:C:\Users\<user>\AppData\Local\Temp\yuzu_test_spark_fileb2_storm_root_14557577477358468359_0\dep10\f.txt' recovered
[2026-09-21 22:54:47.516] [warning] SparkEngine: watch 'file|101:C:\Users\<user>\AppData\Local\Temp\yuzu_test_spark_fileb2_storm_root_14557577477358468359_0\dep4\f.txt' FAULTED — armed but not watching (file watch establishment pending past grace)
[2026-09-21 22:54:47.517] [warning] SparkEngine: watch 'file|101:C:\Users\<user>\AppData\Local\Temp\yuzu_test_spark_fileb2_storm_root_14557577477358468359_0\dep5\f.txt' FAULTED — armed but not watching (file watch establishment pending past grace)
[2026-09-21 22:54:47.517] [warning] SparkEngine: watch 'file|101:C:\Users\<user>\AppData\Local\Temp\yuzu_test_spark_fileb2_storm_root_14557577477358468359_0\dep6\f.txt' FAULTED — armed but not watching (file watch establishment pending past grace)
[2026-09-21 22:54:47.517] [warning] SparkEngine: watch 'file|101:C:\Users\<user>\AppData\Local\Temp\yuzu_test_spark_fileb2_storm_root_14557577477358468359_0\dep7\f.txt' FAULTED — armed but not watching (file watch establishment pending past grace)
[2026-09-21 22:54:47.517] [warning] SparkEngine: watch 'file|102:C:\Users\<user>\AppData\Local\Temp\yuzu_test_spark_fileb2_storm_root_14557577477358468359_0\dep14\f.txt' FAULTED — armed but not watching (file watch establishment pending past grace)
[2026-09-21 22:54:47.517] [warning] SparkEngine: watch 'file|102:C:\Users\<user>\AppData\Local\Temp\yuzu_test_spark_fileb2_storm_root_14557577477358468359_0\dep20\f.txt' FAULTED — armed but not watching (file watch establishment pending past grace)
[2026-09-21 22:54:47.548] [warning] SparkEngine: watch 'file|102:C:\Users\<user>\AppData\Local\Temp\yuzu_test_spark_fileb2_storm_root_14557577477358468359_0\dep18\f.txt' FAULTED — armed but not watching (file watch establishment pending past grace)
[2026-09-21 22:54:47.548] [warning] SparkEngine: watch 'file|102:C:\Users\<user>\AppData\Local\Temp\yuzu_test_spark_fileb2_storm_root_14557577477358468359_0\dep19\f.txt' FAULTED — armed but not watching (file watch establishment pending past grace)
[2026-09-21 22:54:47.549] [warning] SparkEngine: watch 'file|102:C:\Users\<user>\AppData\Local\Temp\yuzu_test_spark_fileb2_storm_root_14557577477358468359_0\dep26\f.txt' FAULTED — armed but not watching (file watch establishment pending past grace)
[2026-09-21 22:54:47.580] [info] SparkEngine: watch 'file|101:C:\Users\<user>\AppData\Local\Temp\yuzu_test_spark_fileb2_storm_root_14557577477358468359_0\dep4\f.txt' recovered
[2026-09-21 22:54:47.581] [info] SparkEngine: watch 'file|101:C:\Users\<user>\AppData\Local\Temp\yuzu_test_spark_fileb2_storm_root_14557577477358468359_0\dep5\f.txt' recovered
[2026-09-21 22:54:47.581] [info] SparkEngine: watch 'file|101:C:\Users\<user>\AppData\Local\Temp\yuzu_test_spark_fileb2_storm_root_14557577477358468359_0\dep6\f.txt' recovered
[2026-09-21 22:54:47.581] [info] SparkEngine: watch 'file|101:C:\Users\<user>\AppData\Local\Temp\yuzu_test_spark_fileb2_storm_root_14557577477358468359_0\dep7\f.txt' recovered
[2026-09-21 22:54:47.581] [info] SparkEngine: watch 'file|102:C:\Users\<user>\AppData\Local\Temp\yuzu_test_spark_fileb2_storm_root_14557577477358468359_0\dep14\f.txt' recovered
[2026-09-21 22:54:47.581] [info] SparkEngine: watch 'file|102:C:\Users\<user>\AppData\Local\Temp\yuzu_test_spark_fileb2_storm_root_14557577477358468359_0\dep20\f.txt' recovered
[2026-09-21 22:54:47.583] [warning] SparkEngine: watch 'file|102:C:\Users\<user>\AppData\Local\Temp\yuzu_test_spark_fileb2_storm_root_14557577477358468359_0\dep25\f.txt' FAULTED — armed but not watching (file watch establishment pending past grace)
[2026-09-21 22:54:47.583] [warning] SparkEngine: watch 'file|102:C:\Users\<user>\AppData\Local\Temp\yuzu_test_spark_fileb2_storm_root_14557577477358468359_0\dep27\f.txt' FAULTED — armed but not watching (file watch establishment pending past grace)
[2026-09-21 22:54:47.583] [warning] SparkEngine: watch 'file|102:C:\Users\<user>\AppData\Local\Temp\yuzu_test_spark_fileb2_storm_root_14557577477358468359_0\dep28\f.txt' FAULTED — armed but not watching (file watch establishment pending past grace)
[2026-09-21 22:54:47.611] [info] SparkEngine: watch 'file|102:C:\Users\<user>\AppData\Local\Temp\yuzu_test_spark_fileb2_storm_root_14557577477358468359_0\dep18\f.txt' recovered
[2026-09-21 22:54:47.611] [info] SparkEngine: watch 'file|102:C:\Users\<user>\AppData\Local\Temp\yuzu_test_spark_fileb2_storm_root_14557577477358468359_0\dep26\f.txt' recovered
[2026-09-21 22:54:47.613] [info] SparkEngine: watch 'file|102:C:\Users\<user>\AppData\Local\Temp\yuzu_test_spark_fileb2_storm_root_14557577477358468359_0\dep19\f.txt' recovered
[2026-09-21 22:54:47.613] [warning] SparkEngine: watch 'file|102:C:\Users\<user>\AppData\Local\Temp\yuzu_test_spark_fileb2_storm_root_14557577477358468359_0\dep22\f.txt' FAULTED — armed but not watching (file watch establishment pending past grace)
[2026-09-21 22:54:47.614] [info] SparkEngine: watch 'file|102:C:\Users\<user>\AppData\Local\Temp\yuzu_test_spark_fileb2_storm_root_14557577477358468359_0\dep22\f.txt' recovered

~~~~~~~~~~~~~~~~~~~~~~~~~~~~~~~~~~~~~~~~~~~~~~~~~~~~~~~~~~~~~~~~~~~~~~~~~~~~~~~
yuzu_agent_tests.exe is a Catch2 v3.13.0 host application.
Run with -? for options

-------------------------------------------------------------------------------
File spark (real mechanism): a shared-ancestor storm keeps concurrent discovery
probes bounded by the lane cap and converges once the storm stops (#2012 PR-B2,
criterion #15, bounded-growth half)
-------------------------------------------------------------------------------
../tests/unit/test_spark_mechanism.cpp(7010)
...............................................................................

[2026-09-21 22:54:47.640] [info] SparkEngine: watch 'file|102:C:\Users\<user>\AppData\Local\Temp\yuzu_test_spark_fileb2_storm_root_14557577477358468359_0\dep11\f.txt' recovered
../tests/unit/test_spark_mechanism.cpp(7053): FAILED:
  CHECK( max_active <= kTestLaneCap )
with expansion:
  9 <= 8
with message:
  max observed probe_workers_active=9 (test cap=8)

[2026-09-21 22:54:47.641] [info] SparkEngine: watch 'file|102:C:\Users\<user>\AppData\Local\Temp\yuzu_test_spark_fileb2_storm_root_14557577477358468359_0\dep13\f.txt' recovered
[2026-09-21 22:54:47.641] [info] SparkEngine: watch 'file|102:C:\Users\<user>\AppData\Local\Temp\yuzu_test_spark_fileb2_storm_root_14557577477358468359_0\dep15\f.txt' recovered
[2026-09-21 22:54:47.641] [info] SparkEngine: watch 'file|102:C:\Users\<user>\AppData\Local\Temp\yuzu_test_spark_fileb2_storm_root_14557577477358468359_0\dep16\f.txt' recovered
[2026-09-21 22:54:47.655] [info] SparkEngine: watch 'file|102:C:\Users\<user>\AppData\Local\Temp\yuzu_test_spark_fileb2_storm_root_14557577477358468359_0\dep25\f.txt' recovered
[2026-09-21 22:54:47.655] [info] SparkEngine: watch 'file|102:C:\Users\<user>\AppData\Local\Temp\yuzu_test_spark_fileb2_storm_root_14557577477358468359_0\dep27\f.txt' recovered
[2026-09-21 22:54:47.655] [info] SparkEngine: watch 'file|102:C:\Users\<user>\AppData\Local\Temp\yuzu_test_spark_fileb2_storm_root_14557577477358468359_0\dep28\f.txt' recovered
[2026-09-21 22:54:47.657] [info] SparkEngine stopped
===============================================================================
test cases:  1 |  0 passed | 1 failed
assertions: 36 | 35 passed | 1 failed

[DIAG] Catch2 Session::run() returned 42 (main about to return)
