[DIAG] DLL static-init starting (before proto registration)
Filters: [spark] [mechanism] [windows] [passfail]
Randomness seeded to: 162577587
[2026-09-21 21:47:21.749] [warning] spark_file: establishing 'C:\Users\<user>\AppData\Local\Temp\yuzu_test_spark_fileb2_pf_later_deadline_14997592204388357539_0' failed (IOCP associate failed (test), err=0) - watch is deaf until the retry
[2026-09-21 21:47:22.227] [error] spark_file: worker pass failed (consecutive #1) - retrying in 100 ms
[2026-09-21 21:47:22.337] [info] spark_file: worker pass recovered after 1 failure(s)
[2026-09-21 21:47:22.768] [pf_stall] [error] spark_file: worker pass failed (consecutive #1) - retrying in 50 ms
[2026-09-21 21:47:22.832] [pf_stall] [error] spark_file: worker pass failed (consecutive #2) - retrying in 100 ms
[2026-09-21 21:47:22.944] [pf_stall] [error] spark_file: worker failing persistently - file sparks reported inert until a pass succeeds
[2026-09-21 21:47:23.361] [pf_stall] [info] spark_file: worker pass recovered after 3 failure(s)
[2026-09-21 21:47:23.393] [warning] spark_file: establishing 'C:\Users\<user>\AppData\Local\Temp\yuzu_test_spark_fileb2_pf_after_dispatch_timer_14997592204388357539_2' failed (IOCP associate failed (test), err=0) - watch is deaf until the retry

~~~~~~~~~~~~~~~~~~~~~~~~~~~~~~~~~~~~~~~~~~~~~~~~~~~~~~~~~~~~~~~~~~~~~~~~~~~~~~~
yuzu_agent_tests.exe is a Catch2 v3.13.0 host application.
Run with -? for options

-------------------------------------------------------------------------------
File worker (direct): a throw after dispatched == true in a timer-driven pass
is counted and the episode closes with no external wake (#4658 PF-15b)
-------------------------------------------------------------------------------
../tests/unit/test_spark_mechanism.cpp(7202)
...............................................................................

../tests/unit/test_spark_mechanism.cpp(7251): FAILED:
  CHECK( eventually([&] { return file_debug_counters_for_test(*mech)->pass_failed >= 1; }, 2000ms) )
with expansion:
  false

../tests/unit/test_spark_mechanism.cpp(7267): FAILED:
  CHECK( d->pass_failed == 1 )
with expansion:
  0 == 1
with message:
  pass_failed=0 consecutive=0

[2026-09-21 21:47:25.564] [error] spark_file: worker pass failed (consecutive #1) - retrying in 5000 ms
[2026-09-21 21:47:25.784] [error] spark_file: worker pass failed (consecutive #1) - retrying in 30000 ms
[2026-09-21 21:47:26.264] [error] spark_file: worker pass failed (consecutive #1) - retrying in 5000 ms
[2026-09-21 21:47:26.277] [info] spark_file: worker pass recovered after 1 failure(s)
[2026-09-21 21:47:26.299] [error] spark_file: worker pass failed (consecutive #1) - retrying in 50 ms
[2026-09-21 21:47:26.357] [error] spark_file: worker pass failed (consecutive #2) - retrying in 100 ms
[2026-09-21 21:47:26.469] [error] spark_file: worker failing persistently - file sparks reported inert until a pass succeeds
[2026-09-21 21:47:26.493] [error] spark_file: worker pass failed (consecutive #1) - retrying in 5000 ms
[2026-09-21 21:47:26.510] [error] spark_file: worker pass failed (consecutive #1) - retrying in 500 ms
[2026-09-21 21:47:27.014] [error] spark_file: worker pass failed (consecutive #2) - retrying in 1000 ms
[2026-09-21 21:47:28.023] [error] spark_file: worker failing persistently - file sparks reported inert until a pass succeeds
[2026-09-21 21:47:30.024] [info] spark_file: worker pass recovered after 3 failure(s)
[2026-09-21 21:47:30.061] [error] spark_file: worker pass failed (consecutive #1) - retrying in 50 ms
[2026-09-21 21:47:30.120] [error] spark_file: worker pass failed (consecutive #2) - retrying in 100 ms
[2026-09-21 21:47:30.232] [error] spark_file: worker failing persistently - file sparks reported inert until a pass succeeds
[2026-09-21 21:47:30.440] [error] spark_file: worker pass failed (consecutive #4) - retrying in 400 ms
[2026-09-21 21:47:31.567] [error] spark_file: worker pass failed (consecutive #1) - retrying in 5000 ms
[2026-09-21 21:47:31.583] [error] spark_file: worker pass failed (consecutive #1) - retrying in 50 ms
[2026-09-21 21:47:31.642] [error] spark_file: worker pass failed (consecutive #2) - retrying in 100 ms
[2026-09-21 21:47:31.754] [error] spark_file: worker failing persistently - file sparks reported inert until a pass succeeds
[2026-09-21 21:47:31.771] [error] spark_file: worker pass failed (consecutive #4) - retrying in 400 ms
[2026-09-21 21:47:34.598] [info] spark_file: worker pass recovered after 6 failure(s)
[2026-09-21 21:47:34.941] [pf_stall] [warning] spark_file: establishing 'C:\Users\<user>\AppData\Local\Temp\yuzu_test_spark_fileb2_pf_stale_deadline_14997592204388357539_15' failed (IOCP associate failed (test), err=0) - watch is deaf until the retry
[2026-09-21 21:47:35.416] [pf_stall] [error] spark_file: worker pass failed (consecutive #1) - retrying in 100 ms
[2026-09-21 21:47:35.720] [pf_stall] [info] spark_file: worker pass recovered after 1 failure(s)
-------------------------------------------------------------------------------
File worker (direct): a throw after dispatched == true is counted and the
episode closes with no external wake (#4658 PF-15)
-------------------------------------------------------------------------------
../tests/unit/test_spark_mechanism.cpp(7110)
...............................................................................

../tests/unit/test_spark_mechanism.cpp(7179): FAILED:
  CHECK( eventually([&] { return file_debug_counters_for_test(*mech)->pass_failed >= 1; }, 2000ms) )
with expansion:
  false

../tests/unit/test_spark_mechanism.cpp(7196): FAILED:
  CHECK( d->pass_failed == 1 )
with expansion:
  0 == 1
with message:
  pass_failed=0 consecutive=0

[2026-09-21 21:47:37.983] [error] spark_file: worker pass failed (consecutive #1) - retrying in 100 ms
[2026-09-21 21:47:38.089] [error] spark_file: worker pass failed (consecutive #2) - retrying in 200 ms
[2026-09-21 21:47:38.297] [error] spark_file: worker failing persistently - file sparks reported inert until a pass succeeds
[2026-09-21 21:47:38.712] [error] spark_file: worker pass failed (consecutive #4) - retrying in 800 ms
[2026-09-21 21:47:41.156] [error] spark_file: worker pass failed (consecutive #1) - retrying in 50 ms
[2026-09-21 21:47:41.220] [info] spark_file: worker pass recovered after 1 failure(s)
===============================================================================
test cases:  16 |  14 passed | 2 failed
assertions: 176 | 172 passed | 4 failed

[DIAG] Catch2 Session::run() returned 42 (main about to return)
