[DIAG] DLL static-init starting (before proto registration)
Filters: [spark] [mechanism] [windows] [passfail]
Randomness seeded to: 3541960867
[2026-09-21 21:40:28.772] [error] spark_file: worker pass failed (consecutive #1) - retrying in 50 ms
[2026-09-21 21:40:28.824] [error] spark_file: worker pass failed (consecutive #2) - retrying in 100 ms
[2026-09-21 21:40:28.935] [error] spark_file: worker failing persistently - file sparks reported inert until a pass succeeds
[2026-09-21 21:40:28.952] [error] spark_file: worker pass failed (consecutive #4) - retrying in 400 ms
[2026-09-21 21:40:31.757] [info] spark_file: worker pass recovered after 6 failure(s)
[2026-09-21 21:40:32.098] [warning] spark_file: establishing 'C:\Users\<user>\AppData\Local\Temp\yuzu_test_spark_fileb2_pf_after_dispatch_timer_9532677745030260050_1' failed (IOCP associate failed (test), err=0) - watch is deaf until the retry
[2026-09-21 21:40:32.205] [error] spark_file: worker pass failed (consecutive #1) - retrying in 10 ms
[2026-09-21 21:40:32.221] [info] spark_file: worker pass recovered after 1 failure(s)
[2026-09-21 21:40:32.242] [error] spark_file: worker pass failed (consecutive #1) - retrying in 30000 ms
[2026-09-21 21:40:32.258] [error] spark_file: worker pass failed (consecutive #1) - retrying in 50 ms
[2026-09-21 21:40:32.317] [error] spark_file: worker pass failed (consecutive #2) - retrying in 100 ms
[2026-09-21 21:40:32.429] [error] spark_file: worker failing persistently - file sparks reported inert until a pass succeeds
[2026-09-21 21:40:32.638] [error] spark_file: worker pass failed (consecutive #4) - retrying in 400 ms
[2026-09-21 21:40:33.779] [error] spark_file: worker pass failed (consecutive #1) - retrying in 500 ms
[2026-09-21 21:40:34.285] [error] spark_file: worker pass failed (consecutive #2) - retrying in 1000 ms
[2026-09-21 21:40:35.291] [error] spark_file: worker failing persistently - file sparks reported inert until a pass succeeds
[2026-09-21 21:40:37.296] [info] spark_file: worker pass recovered after 3 failure(s)
[2026-09-21 21:40:37.333] [error] spark_file: worker pass failed (consecutive #1) - retrying in 100 ms
[2026-09-21 21:40:37.440] [error] spark_file: worker pass failed (consecutive #2) - retrying in 200 ms
[2026-09-21 21:40:37.648] [error] spark_file: worker failing persistently - file sparks reported inert until a pass succeeds
[2026-09-21 21:40:38.048] [error] spark_file: worker pass failed (consecutive #4) - retrying in 800 ms
[2026-09-21 21:40:40.908] [pf_stall] [error] spark_file: worker pass failed (consecutive #1) - retrying in 50 ms
[2026-09-21 21:40:40.972] [pf_stall] [error] spark_file: worker pass failed (consecutive #2) - retrying in 100 ms
[2026-09-21 21:40:41.084] [pf_stall] [error] spark_file: worker failing persistently - file sparks reported inert until a pass succeeds
[2026-09-21 21:40:41.499] [pf_stall] [info] spark_file: worker pass recovered after 3 failure(s)
[2026-09-21 21:40:41.531] [error] spark_file: worker pass failed (consecutive #1) - retrying in 50 ms
[2026-09-21 21:40:41.594] [info] spark_file: worker pass recovered after 1 failure(s)
[2026-09-21 21:40:41.615] [error] spark_file: worker pass failed (consecutive #1) - retrying in 5000 ms
[2026-09-21 21:40:41.627] [info] spark_file: worker pass recovered after 1 failure(s)
[2026-09-21 21:40:41.662] [pf_stall] [warning] spark_file: establishing 'C:\Users\<user>\AppData\Local\Temp\yuzu_test_spark_fileb2_pf_stale_deadline_9532677745030260050_9' failed (IOCP associate failed (test), err=0) - watch is deaf until the retry
[2026-09-21 21:40:42.135] [pf_stall] [error] spark_file: worker pass failed (consecutive #1) - retrying in 100 ms
[2026-09-21 21:40:42.440] [pf_stall] [info] spark_file: worker pass recovered after 1 failure(s)
[2026-09-21 21:40:42.461] [error] spark_file: worker pass failed (consecutive #1) - retrying in 5000 ms
[2026-09-21 21:40:42.686] [error] spark_file: worker pass failed (consecutive #1) - retrying in 5000 ms
[2026-09-21 21:40:43.169] [error] spark_file: worker pass failed (consecutive #1) - retrying in 50 ms
[2026-09-21 21:40:43.224] [error] spark_file: worker pass failed (consecutive #2) - retrying in 100 ms
[2026-09-21 21:40:43.337] [error] spark_file: worker failing persistently - file sparks reported inert until a pass succeeds
[2026-09-21 21:40:43.359] [error] spark_file: worker pass failed (consecutive #1) - retrying in 5000 ms
[2026-09-21 21:40:43.594] [error] spark_file: worker pass failed (consecutive #1) - retrying in 10 ms
[2026-09-21 21:40:43.609] [info] spark_file: worker pass recovered after 1 failure(s)
[2026-09-21 21:40:43.630] [warning] spark_file: establishing 'C:\Users\<user>\AppData\Local\Temp\yuzu_test_spark_fileb2_pf_later_deadline_9532677745030260050_18' failed (IOCP associate failed (test), err=0) - watch is deaf until the retry
[2026-09-21 21:40:44.119] [error] spark_file: worker pass failed (consecutive #1) - retrying in 100 ms
[2026-09-21 21:40:44.232] [info] spark_file: worker pass recovered after 1 failure(s)
===============================================================================
All tests passed (176 assertions in 16 test cases)

[DIAG] Catch2 Session::run() returned 0 (main about to return)
