[DIAG] DLL static-init starting (before proto registration)
Filters: [spark] [mechanism] [windows] [passfail]
Randomness seeded to: 234955276
[2026-09-21 21:46:29.824] [error] spark_file: worker pass failed (consecutive #1) - retrying in 10 ms
[2026-09-21 21:46:29.848] [info] spark_file: worker pass recovered after 1 failure(s)
[2026-09-21 21:46:29.872] [error] spark_file: worker pass failed (consecutive #1) - retrying in 100 ms
[2026-09-21 21:46:29.977] [error] spark_file: worker pass failed (consecutive #2) - retrying in 200 ms
[2026-09-21 21:46:30.185] [error] spark_file: worker failing persistently - file sparks reported inert until a pass succeeds
[2026-09-21 21:46:30.586] [error] spark_file: worker pass failed (consecutive #4) - retrying in 800 ms
[2026-09-21 21:46:33.031] [error] spark_file: worker pass failed (consecutive #1) - retrying in 50 ms
[2026-09-21 21:46:33.094] [error] spark_file: worker pass failed (consecutive #2) - retrying in 100 ms
[2026-09-21 21:46:33.205] [error] spark_file: worker failing persistently - file sparks reported inert until a pass succeeds
[2026-09-21 21:46:33.222] [error] spark_file: worker pass failed (consecutive #4) - retrying in 400 ms
[2026-09-21 21:46:36.023] [info] spark_file: worker pass recovered after 6 failure(s)
[2026-09-21 21:46:36.374] [error] spark_file: worker pass failed (consecutive #1) - retrying in 50 ms
[2026-09-21 21:46:36.438] [info] spark_file: worker pass recovered after 1 failure(s)
[2026-09-21 21:46:36.444] [error] spark_file: worker pass failed (consecutive #1) - retrying in 30000 ms
[2026-09-21 21:46:36.453] [error] spark_file: worker pass failed (consecutive #1) - retrying in 5000 ms
[2026-09-21 21:46:36.471] [info] spark_file: worker pass recovered after 1 failure(s)
[2026-09-21 21:46:36.507] [warning] spark_file: establishing 'C:\Users\<user>\AppData\Local\Temp\yuzu_test_spark_fileb2_pf_later_deadline_477550893249518093_6' failed (IOCP associate failed (test), err=0) - watch is deaf until the retry
[2026-09-21 21:46:36.985] [error] spark_file: worker pass failed (consecutive #1) - retrying in 100 ms
[2026-09-21 21:46:37.097] [info] spark_file: worker pass recovered after 1 failure(s)
[2026-09-21 21:46:37.118] [pf_stall] [warning] spark_file: establishing 'C:\Users\<user>\AppData\Local\Temp\yuzu_test_spark_fileb2_pf_stale_deadline_477550893249518093_7' failed (IOCP associate failed (test), err=0) - watch is deaf until the retry
[2026-09-21 21:46:37.608] [pf_stall] [error] spark_file: worker pass failed (consecutive #1) - retrying in 100 ms
[2026-09-21 21:46:37.913] [pf_stall] [info] spark_file: worker pass recovered after 1 failure(s)
[2026-09-21 21:46:37.934] [error] spark_file: worker pass failed (consecutive #1) - retrying in 50 ms
[2026-09-21 21:46:37.991] [error] spark_file: worker pass failed (consecutive #2) - retrying in 100 ms
[2026-09-21 21:46:38.103] [error] spark_file: worker failing persistently - file sparks reported inert until a pass succeeds
[2026-09-21 21:46:38.312] [error] spark_file: worker pass failed (consecutive #4) - retrying in 400 ms
[2026-09-21 21:46:39.916] [error] spark_file: worker pass failed (consecutive #1) - retrying in 5000 ms
[2026-09-21 21:46:39.934] [error] spark_file: worker pass failed (consecutive #1) - retrying in 50 ms
[2026-09-21 21:46:39.991] [error] spark_file: worker pass failed (consecutive #2) - retrying in 100 ms
[2026-09-21 21:46:40.103] [error] spark_file: worker failing persistently - file sparks reported inert until a pass succeeds
[2026-09-21 21:46:40.127] [error] spark_file: worker pass failed (consecutive #1) - retrying in 5000 ms
[2026-09-21 21:46:40.142] [error] spark_file: worker pass failed (consecutive #1) - retrying in 5000 ms
[2026-09-21 21:46:40.776] [pf_stall] [error] spark_file: worker pass failed (consecutive #1) - retrying in 50 ms
[2026-09-21 21:46:40.840] [pf_stall] [error] spark_file: worker pass failed (consecutive #2) - retrying in 100 ms
[2026-09-21 21:46:40.952] [pf_stall] [error] spark_file: worker failing persistently - file sparks reported inert until a pass succeeds
[2026-09-21 21:46:41.367] [pf_stall] [info] spark_file: worker pass recovered after 3 failure(s)
[2026-09-21 21:46:41.399] [warning] spark_file: establishing 'C:\Users\<user>\AppData\Local\Temp\yuzu_test_spark_fileb2_pf_after_dispatch_timer_477550893249518093_17' failed (IOCP associate failed (test), err=0) - watch is deaf until the retry
[2026-09-21 21:46:41.511] [error] spark_file: worker pass failed (consecutive #1) - retrying in 10 ms
[2026-09-21 21:46:41.527] [info] spark_file: worker pass recovered after 1 failure(s)
[2026-09-21 21:46:41.548] [error] spark_file: worker pass failed (consecutive #1) - retrying in 500 ms
[2026-09-21 21:46:42.056] [error] spark_file: worker pass failed (consecutive #2) - retrying in 1000 ms
[2026-09-21 21:46:43.063] [error] spark_file: worker failing persistently - file sparks reported inert until a pass succeeds
[2026-09-21 21:46:45.068] [info] spark_file: worker pass recovered after 3 failure(s)
===============================================================================
All tests passed (176 assertions in 16 test cases)

[DIAG] Catch2 Session::run() returned 0 (main about to return)
