[DIAG] DLL static-init starting (before proto registration)
Filters: [spark] [mechanism] [windows] [passfail]
Randomness seeded to: 1988403714
[2026-09-21 21:51:50.548] [error] spark_file: worker pass failed (consecutive #1) - retrying in 500 ms
[2026-09-21 21:51:51.052] [error] spark_file: worker pass failed (consecutive #2) - retrying in 1000 ms
[2026-09-21 21:51:52.060] [error] spark_file: worker failing persistently - file sparks reported inert until a pass succeeds
[2026-09-21 21:51:54.063] [info] spark_file: worker pass recovered after 3 failure(s)
[2026-09-21 21:51:54.553] [error] spark_file: worker pass failed (consecutive #1) - retrying in 50 ms
[2026-09-21 21:51:54.608] [error] spark_file: worker pass failed (consecutive #2) - retrying in 100 ms
[2026-09-21 21:51:54.720] [error] spark_file: worker failing persistently - file sparks reported inert until a pass succeeds
[2026-09-21 21:51:54.737] [error] spark_file: worker pass failed (consecutive #4) - retrying in 400 ms
[2026-09-21 21:51:57.540] [info] spark_file: worker pass recovered after 6 failure(s)
[2026-09-21 21:51:57.871] [error] spark_file: worker pass failed (consecutive #1) - retrying in 50 ms
[2026-09-21 21:51:57.924] [error] spark_file: worker pass failed (consecutive #2) - retrying in 100 ms
[2026-09-21 21:51:58.037] [error] spark_file: worker failing persistently - file sparks reported inert until a pass succeeds
[2026-09-21 21:51:58.060] [error] spark_file: worker pass failed (consecutive #1) - retrying in 5000 ms
[2026-09-21 21:51:58.294] [error] spark_file: worker pass failed (consecutive #1) - retrying in 10 ms
[2026-09-21 21:51:58.309] [info] spark_file: worker pass recovered after 1 failure(s)
[2026-09-21 21:51:58.315] [error] spark_file: worker pass failed (consecutive #1) - retrying in 50 ms
[2026-09-21 21:51:58.373] [error] spark_file: worker pass failed (consecutive #2) - retrying in 100 ms
[2026-09-21 21:51:58.484] [error] spark_file: worker failing persistently - file sparks reported inert until a pass succeeds
[2026-09-21 21:51:58.692] [error] spark_file: worker pass failed (consecutive #4) - retrying in 400 ms
[2026-09-21 21:51:59.839] [error] spark_file: worker pass failed (consecutive #1) - retrying in 5000 ms
[2026-09-21 21:52:00.070] [error] spark_file: worker pass failed (consecutive #1) - retrying in 30000 ms
[2026-09-21 21:52:00.090] [warning] spark_file: establishing 'C:\Users\<user>\AppData\Local\Temp\yuzu_test_spark_fileb2_pf_after_dispatch_timer_11333846862740840872_11' failed (IOCP associate failed (test), err=0) - watch is deaf until the retry
[2026-09-21 21:52:00.195] [error] spark_file: worker pass failed (consecutive #1) - retrying in 10 ms
[2026-09-21 21:52:00.210] [info] spark_file: worker pass recovered after 1 failure(s)
[2026-09-21 21:52:00.232] [warning] spark_file: establishing 'C:\Users\<user>\AppData\Local\Temp\yuzu_test_spark_fileb2_pf_later_deadline_11333846862740840872_12' failed (IOCP associate failed (test), err=0) - watch is deaf until the retry
[2026-09-21 21:52:00.723] [error] spark_file: worker pass failed (consecutive #1) - retrying in 100 ms
[2026-09-21 21:52:00.834] [info] spark_file: worker pass recovered after 1 failure(s)
[2026-09-21 21:52:00.856] [error] spark_file: worker pass failed (consecutive #1) - retrying in 5000 ms
[2026-09-21 21:52:00.872] [error] spark_file: worker pass failed (consecutive #1) - retrying in 5000 ms
[2026-09-21 21:52:00.884] [info] spark_file: worker pass recovered after 1 failure(s)
[2026-09-21 21:52:00.919] [pf_stall] [warning] spark_file: establishing 'C:\Users\<user>\AppData\Local\Temp\yuzu_test_spark_fileb2_pf_stale_deadline_11333846862740840872_15' failed (IOCP associate failed (test), err=0) - watch is deaf until the retry
[2026-09-21 21:52:01.395] [pf_stall] [error] spark_file: worker pass failed (consecutive #1) - retrying in 100 ms
[2026-09-21 21:52:01.699] [pf_stall] [info] spark_file: worker pass recovered after 1 failure(s)
[2026-09-21 21:52:01.730] [error] spark_file: worker pass failed (consecutive #1) - retrying in 50 ms
[2026-09-21 21:52:01.795] [info] spark_file: worker pass recovered after 1 failure(s)
[2026-09-21 21:52:02.243] [pf_stall] [error] spark_file: worker pass failed (consecutive #1) - retrying in 50 ms
[2026-09-21 21:52:02.307] [pf_stall] [error] spark_file: worker pass failed (consecutive #2) - retrying in 100 ms
[2026-09-21 21:52:02.420] [pf_stall] [error] spark_file: worker failing persistently - file sparks reported inert until a pass succeeds
[2026-09-21 21:52:02.820] [pf_stall] [info] spark_file: worker pass recovered after 3 failure(s)
[2026-09-21 21:52:02.842] [error] spark_file: worker pass failed (consecutive #1) - retrying in 100 ms
[2026-09-21 21:52:02.948] [error] spark_file: worker pass failed (consecutive #2) - retrying in 200 ms
[2026-09-21 21:52:03.157] [error] spark_file: worker failing persistently - file sparks reported inert until a pass succeeds
[2026-09-21 21:52:03.572] [error] spark_file: worker pass failed (consecutive #4) - retrying in 800 ms
===============================================================================
All tests passed (176 assertions in 16 test cases)

[DIAG] Catch2 Session::run() returned 0 (main about to return)
